2026-08-13 17:53:42,388 [INFO] __main__: Configuration validation passed: /home/halfblood/common/uni/master/VLSI/project/impl/Input_Files/circuits/valid/c12_monte_carlo_switching/config.json
2026-08-13 17:53:42,388 [INFO] __main__: Loading circuit c12_monte_carlo_switching
2026-08-13 17:53:42,390 [INFO] __main__: Cell-library validation passed: /home/halfblood/common/uni/master/VLSI/project/impl/Input_Files/cell_library.json
2026-08-13 17:53:42,390 [INFO] __main__: Netlist parsing and driver validation passed: /home/halfblood/common/uni/master/VLSI/project/impl/Input_Files/circuits/valid/c12_monte_carlo_switching/netlist.txt
2026-08-13 17:53:42,390 [INFO] src.circuit: Preparing circuit c12_monte_carlo_switching (7 gates, 12 nets)
2026-08-13 17:53:42,390 [INFO] src.circuit: Building the gate topological order
2026-08-13 17:53:42,390 [INFO] src.circuit: Computing gate fanout capacitances
2026-08-13 17:53:42,390 [INFO] src.circuit: Computing gate rise/fall delays
2026-08-13 17:53:42,390 [INFO] src.circuit: Computing circuit power
2026-08-13 17:53:42,390 [INFO] __main__: DAG validation passed
2026-08-13 17:53:42,391 [INFO] src.experiments: Running experiment: fanout_capacitances
2026-08-13 17:53:42,391 [INFO] src.experiments: Running experiment: gate_delays
2026-08-13 17:53:42,391 [INFO] src.experiments: Running experiment: timing_analysis
2026-08-13 17:53:42,391 [INFO] src.sta: Running static timing analysis
2026-08-13 17:53:42,392 [INFO] src.sta: Timing FAILED: WNS=-0.002169 ns, TNS=-0.002169 ns
2026-08-13 17:53:42,392 [INFO] src.experiments: Running experiment: logical_effort_analysis
2026-08-13 17:53:42,394 [INFO] src.experiments: Running experiment: optimization
2026-08-13 17:53:42,394 [INFO] src.experiments: Running slack_weighted_capacitance optimization
2026-08-13 17:53:42,394 [INFO] src.sta: Running static timing analysis
2026-08-13 17:53:42,394 [INFO] src.sta: Timing FAILED: WNS=-0.002169 ns, TNS=-0.002169 ns
2026-08-13 17:53:42,394 [INFO] src.optimizer: Starting circuit optimization with initial cost 1.43419
2026-08-13 17:53:42,394 [INFO] src.optimizer: Optimization attempt 1/100
2026-08-13 17:53:42,395 [INFO] src.circuit: Preparing circuit c12_monte_carlo_switching (7 gates, 12 nets)
2026-08-13 17:53:42,395 [INFO] src.circuit: Building the gate topological order
2026-08-13 17:53:42,395 [INFO] src.circuit: Computing gate fanout capacitances
2026-08-13 17:53:42,395 [INFO] src.circuit: Computing gate rise/fall delays
2026-08-13 17:53:42,395 [INFO] src.circuit: Computing circuit power
2026-08-13 17:53:42,395 [INFO] src.sta: Running static timing analysis
2026-08-13 17:53:42,395 [INFO] src.sta: Timing PASSED: WNS=0.012907 ns, TNS=0 ns
2026-08-13 17:53:42,396 [INFO] src.circuit: Preparing circuit c12_monte_carlo_switching (7 gates, 12 nets)
2026-08-13 17:53:42,396 [INFO] src.circuit: Building the gate topological order
2026-08-13 17:53:42,396 [INFO] src.circuit: Computing gate fanout capacitances
2026-08-13 17:53:42,396 [INFO] src.circuit: Computing gate rise/fall delays
2026-08-13 17:53:42,396 [INFO] src.circuit: Computing circuit power
2026-08-13 17:53:42,396 [INFO] src.circuit: Preparing circuit c12_monte_carlo_switching (7 gates, 12 nets)
2026-08-13 17:53:42,396 [INFO] src.circuit: Building the gate topological order
2026-08-13 17:53:42,396 [INFO] src.circuit: Computing gate fanout capacitances
2026-08-13 17:53:42,396 [INFO] src.circuit: Computing gate rise/fall delays
2026-08-13 17:53:42,396 [INFO] src.circuit: Computing circuit power
2026-08-13 17:53:42,396 [INFO] src.sta: Running static timing analysis
2026-08-13 17:53:42,397 [INFO] src.sta: Timing FAILED: WNS=-0.0063345 ns, TNS=-0.0063345 ns
2026-08-13 17:53:42,397 [INFO] src.optimizer: Accepted timing repair: WNS -0.002169 -> 0.012907 ns, TNS -0.002169 -> 0 ns
2026-08-13 17:53:42,397 [INFO] src.optimizer: Optimization attempt 2/100
2026-08-13 17:53:42,397 [INFO] src.circuit: Preparing circuit c12_monte_carlo_switching (7 gates, 12 nets)
2026-08-13 17:53:42,397 [INFO] src.circuit: Building the gate topological order
2026-08-13 17:53:42,397 [INFO] src.circuit: Computing gate fanout capacitances
2026-08-13 17:53:42,397 [INFO] src.circuit: Computing gate rise/fall delays
2026-08-13 17:53:42,397 [INFO] src.circuit: Computing circuit power
2026-08-13 17:53:42,398 [INFO] src.optimizer: Optimization stopped: no selected sizing change is available within area and power constraints
2026-08-13 17:53:42,398 [INFO] src.experiments: slack_weighted_capacitance optimization completed in 0.003945 s
2026-08-13 17:53:42,398 [INFO] src.experiments: Running random_greedy optimization
2026-08-13 17:53:42,398 [INFO] src.sta: Running static timing analysis
2026-08-13 17:53:42,398 [INFO] src.sta: Timing FAILED: WNS=-0.002169 ns, TNS=-0.002169 ns
2026-08-13 17:53:42,398 [INFO] src.optimizer: Starting circuit optimization with initial cost 1.43419
2026-08-13 17:53:42,398 [INFO] src.optimizer: Optimization attempt 1/100
2026-08-13 17:53:42,398 [INFO] src.circuit: Preparing circuit c12_monte_carlo_switching (7 gates, 12 nets)
2026-08-13 17:53:42,398 [INFO] src.circuit: Building the gate topological order
2026-08-13 17:53:42,398 [INFO] src.circuit: Computing gate fanout capacitances
2026-08-13 17:53:42,399 [INFO] src.circuit: Computing gate rise/fall delays
2026-08-13 17:53:42,399 [INFO] src.circuit: Computing circuit power
2026-08-13 17:53:42,399 [INFO] src.sta: Running static timing analysis
2026-08-13 17:53:42,399 [INFO] src.sta: Timing PASSED: WNS=0.012907 ns, TNS=0 ns
2026-08-13 17:53:42,399 [INFO] src.optimizer: Accepted timing repair: WNS -0.002169 -> 0.012907 ns, TNS -0.002169 -> 0 ns
2026-08-13 17:53:42,399 [INFO] src.optimizer: Optimization attempt 2/100
2026-08-13 17:53:42,399 [INFO] src.circuit: Preparing circuit c12_monte_carlo_switching (7 gates, 12 nets)
2026-08-13 17:53:42,399 [INFO] src.circuit: Building the gate topological order
2026-08-13 17:53:42,399 [INFO] src.circuit: Computing gate fanout capacitances
2026-08-13 17:53:42,400 [INFO] src.circuit: Computing gate rise/fall delays
2026-08-13 17:53:42,400 [INFO] src.circuit: Computing circuit power
2026-08-13 17:53:42,400 [INFO] src.optimizer: Optimization attempt 3/100
2026-08-13 17:53:42,400 [INFO] src.optimizer: Optimization stopped: all one-step critical-path upsizes were exhausted
2026-08-13 17:53:42,400 [INFO] src.experiments: random_greedy optimization completed in 0.002346 s
2026-08-13 17:53:42,401 [INFO] src.experiments: Running experiment: visualization
2026-08-13 17:53:43,443 [INFO] src.experiments: Running experiment: monte_carlo
2026-08-13 17:53:43,465 [INFO] src.monte_carlo: Running pre_optimization Monte Carlo timing analysis (3000 samples)
2026-08-13 17:53:43,959 [INFO] src.monte_carlo: pre_optimization Monte Carlo completed in 0.493172 s with timing yield 0.369000
2026-08-13 17:53:43,973 [INFO] src.monte_carlo: Running post_optimization Monte Carlo timing analysis (3000 samples)
2026-08-13 17:53:44,432 [INFO] src.monte_carlo: post_optimization Monte Carlo completed in 0.459047 s with timing yield 0.826333
2026-08-13 17:53:44,565 [INFO] src.experiments: Running experiment: summary
2026-08-13 17:53:44,566 [INFO] src.experiments: Circuit experiments completed; results are in /home/halfblood/common/uni/master/VLSI/project/impl/outputs/c12_monte_carlo_switching
