2026-08-13 17:53:25,789 [INFO] __main__: Configuration validation passed: /home/halfblood/common/uni/master/VLSI/project/impl/Input_Files/circuits/valid/c02_basic_nand_path/config.json
2026-08-13 17:53:25,789 [INFO] __main__: Loading circuit c02_basic_nand_path
2026-08-13 17:53:25,791 [INFO] __main__: Cell-library validation passed: /home/halfblood/common/uni/master/VLSI/project/impl/Input_Files/cell_library.json
2026-08-13 17:53:25,791 [INFO] __main__: Netlist parsing and driver validation passed: /home/halfblood/common/uni/master/VLSI/project/impl/Input_Files/circuits/valid/c02_basic_nand_path/netlist.txt
2026-08-13 17:53:25,791 [INFO] src.circuit: Preparing circuit c02_basic_nand_path (3 gates, 6 nets)
2026-08-13 17:53:25,791 [INFO] src.circuit: Building the gate topological order
2026-08-13 17:53:25,791 [INFO] src.circuit: Computing gate fanout capacitances
2026-08-13 17:53:25,791 [INFO] src.circuit: Computing gate rise/fall delays
2026-08-13 17:53:25,791 [INFO] src.circuit: Computing circuit power
2026-08-13 17:53:25,791 [INFO] __main__: DAG validation passed
2026-08-13 17:53:25,792 [INFO] src.experiments: Running experiment: fanout_capacitances
2026-08-13 17:53:25,792 [INFO] src.experiments: Running experiment: gate_delays
2026-08-13 17:53:25,792 [INFO] src.experiments: Running experiment: timing_analysis
2026-08-13 17:53:25,792 [INFO] src.sta: Running static timing analysis
2026-08-13 17:53:25,792 [INFO] src.sta: Timing FAILED: WNS=-0.006997 ns, TNS=-0.006997 ns
2026-08-13 17:53:25,792 [INFO] src.experiments: Running experiment: logical_effort_analysis
2026-08-13 17:53:25,793 [INFO] src.experiments: Running experiment: optimization
2026-08-13 17:53:25,793 [INFO] src.experiments: Running slack_weighted_capacitance optimization
2026-08-13 17:53:25,793 [INFO] src.sta: Running static timing analysis
2026-08-13 17:53:25,794 [INFO] src.sta: Timing FAILED: WNS=-0.006997 ns, TNS=-0.006997 ns
2026-08-13 17:53:25,794 [INFO] src.optimizer: Starting circuit optimization with initial cost 1.61596
2026-08-13 17:53:25,794 [INFO] src.optimizer: Optimization attempt 1/100
2026-08-13 17:53:25,794 [INFO] src.circuit: Preparing circuit c02_basic_nand_path (3 gates, 6 nets)
2026-08-13 17:53:25,794 [INFO] src.circuit: Building the gate topological order
2026-08-13 17:53:25,794 [INFO] src.circuit: Computing gate fanout capacitances
2026-08-13 17:53:25,794 [INFO] src.circuit: Computing gate rise/fall delays
2026-08-13 17:53:25,794 [INFO] src.circuit: Computing circuit power
2026-08-13 17:53:25,794 [INFO] src.sta: Running static timing analysis
2026-08-13 17:53:25,794 [INFO] src.sta: Timing FAILED: WNS=-0.0099985 ns, TNS=-0.0099985 ns
2026-08-13 17:53:25,795 [INFO] src.optimizer: Optimization stopped: no candidate improves WNS or tied-WNS TNS
2026-08-13 17:53:25,795 [INFO] src.experiments: slack_weighted_capacitance optimization completed in 0.001163 s
2026-08-13 17:53:25,795 [INFO] src.experiments: Running random_greedy optimization
2026-08-13 17:53:25,795 [INFO] src.sta: Running static timing analysis
2026-08-13 17:53:25,795 [INFO] src.sta: Timing FAILED: WNS=-0.006997 ns, TNS=-0.006997 ns
2026-08-13 17:53:25,795 [INFO] src.optimizer: Starting circuit optimization with initial cost 1.61596
2026-08-13 17:53:25,795 [INFO] src.optimizer: Optimization attempt 1/100
2026-08-13 17:53:25,795 [INFO] src.circuit: Preparing circuit c02_basic_nand_path (3 gates, 6 nets)
2026-08-13 17:53:25,795 [INFO] src.circuit: Building the gate topological order
2026-08-13 17:53:25,795 [INFO] src.circuit: Computing gate fanout capacitances
2026-08-13 17:53:25,795 [INFO] src.circuit: Computing gate rise/fall delays
2026-08-13 17:53:25,795 [INFO] src.circuit: Computing circuit power
2026-08-13 17:53:25,795 [INFO] src.sta: Running static timing analysis
2026-08-13 17:53:25,795 [INFO] src.sta: Timing FAILED: WNS=-0.0099985 ns, TNS=-0.0099985 ns
2026-08-13 17:53:25,795 [INFO] src.optimizer: Optimization attempt 2/100
2026-08-13 17:53:25,795 [INFO] src.optimizer: Optimization stopped: all one-step critical-path upsizes were exhausted
2026-08-13 17:53:25,795 [INFO] src.experiments: random_greedy optimization completed in 0.000749 s
2026-08-13 17:53:25,796 [INFO] src.experiments: Running experiment: visualization
2026-08-13 17:53:26,728 [INFO] src.experiments: Running experiment: monte_carlo
2026-08-13 17:53:26,728 [INFO] src.experiments: Monte Carlo experiment is disabled by configuration
2026-08-13 17:53:26,729 [INFO] src.experiments: Running experiment: summary
2026-08-13 17:53:26,729 [INFO] src.experiments: Circuit experiments completed; results are in /home/halfblood/common/uni/master/VLSI/project/impl/outputs/c02_basic_nand_path
