2026-08-13 17:53:38,970 [INFO] __main__: Configuration validation passed: /home/halfblood/common/uni/master/VLSI/project/impl/Input_Files/circuits/valid/c10_three_input_gates/config.json
2026-08-13 17:53:38,971 [INFO] __main__: Loading circuit c10_three_input_gates
2026-08-13 17:53:38,972 [INFO] __main__: Cell-library validation passed: /home/halfblood/common/uni/master/VLSI/project/impl/Input_Files/cell_library.json
2026-08-13 17:53:38,972 [INFO] __main__: Netlist parsing and driver validation passed: /home/halfblood/common/uni/master/VLSI/project/impl/Input_Files/circuits/valid/c10_three_input_gates/netlist.txt
2026-08-13 17:53:38,972 [INFO] src.circuit: Preparing circuit c10_three_input_gates (5 gates, 11 nets)
2026-08-13 17:53:38,972 [INFO] src.circuit: Building the gate topological order
2026-08-13 17:53:38,972 [INFO] src.circuit: Computing gate fanout capacitances
2026-08-13 17:53:38,972 [INFO] src.circuit: Computing gate rise/fall delays
2026-08-13 17:53:38,972 [INFO] src.circuit: Computing circuit power
2026-08-13 17:53:38,972 [INFO] __main__: DAG validation passed
2026-08-13 17:53:38,973 [INFO] src.experiments: Running experiment: fanout_capacitances
2026-08-13 17:53:38,973 [INFO] src.experiments: Running experiment: gate_delays
2026-08-13 17:53:38,973 [INFO] src.experiments: Running experiment: timing_analysis
2026-08-13 17:53:38,973 [INFO] src.sta: Running static timing analysis
2026-08-13 17:53:38,973 [INFO] src.sta: Timing FAILED: WNS=-0.011991 ns, TNS=-0.011991 ns
2026-08-13 17:53:38,974 [INFO] src.experiments: Running experiment: logical_effort_analysis
2026-08-13 17:53:38,975 [INFO] src.experiments: Running experiment: optimization
2026-08-13 17:53:38,975 [INFO] src.experiments: Running slack_weighted_capacitance optimization
2026-08-13 17:53:38,975 [INFO] src.sta: Running static timing analysis
2026-08-13 17:53:38,975 [INFO] src.sta: Timing FAILED: WNS=-0.011991 ns, TNS=-0.011991 ns
2026-08-13 17:53:38,975 [INFO] src.optimizer: Starting circuit optimization with initial cost 1.60891
2026-08-13 17:53:38,976 [INFO] src.optimizer: Optimization attempt 1/100
2026-08-13 17:53:38,976 [INFO] src.circuit: Preparing circuit c10_three_input_gates (5 gates, 11 nets)
2026-08-13 17:53:38,976 [INFO] src.circuit: Building the gate topological order
2026-08-13 17:53:38,976 [INFO] src.circuit: Computing gate fanout capacitances
2026-08-13 17:53:38,976 [INFO] src.circuit: Computing gate rise/fall delays
2026-08-13 17:53:38,976 [INFO] src.circuit: Computing circuit power
2026-08-13 17:53:38,976 [INFO] src.sta: Running static timing analysis
2026-08-13 17:53:38,977 [INFO] src.sta: Timing PASSED: WNS=0.012012 ns, TNS=0 ns
2026-08-13 17:53:38,977 [INFO] src.circuit: Preparing circuit c10_three_input_gates (5 gates, 11 nets)
2026-08-13 17:53:38,977 [INFO] src.circuit: Building the gate topological order
2026-08-13 17:53:38,977 [INFO] src.circuit: Computing gate fanout capacitances
2026-08-13 17:53:38,977 [INFO] src.circuit: Computing gate rise/fall delays
2026-08-13 17:53:38,977 [INFO] src.circuit: Computing circuit power
2026-08-13 17:53:38,977 [INFO] src.optimizer: Accepted timing repair: WNS -0.011991 -> 0.012012 ns, TNS -0.011991 -> 0 ns
2026-08-13 17:53:38,977 [INFO] src.optimizer: Optimization attempt 2/100
2026-08-13 17:53:38,978 [INFO] src.circuit: Preparing circuit c10_three_input_gates (5 gates, 11 nets)
2026-08-13 17:53:38,978 [INFO] src.circuit: Building the gate topological order
2026-08-13 17:53:38,978 [INFO] src.circuit: Computing gate fanout capacitances
2026-08-13 17:53:38,978 [INFO] src.circuit: Computing gate rise/fall delays
2026-08-13 17:53:38,978 [INFO] src.circuit: Computing circuit power
2026-08-13 17:53:38,978 [INFO] src.optimizer: Optimization stopped: no selected sizing change is available within area and power constraints
2026-08-13 17:53:38,978 [INFO] src.experiments: slack_weighted_capacitance optimization completed in 0.003304 s
2026-08-13 17:53:38,978 [INFO] src.experiments: Running random_greedy optimization
2026-08-13 17:53:38,979 [INFO] src.sta: Running static timing analysis
2026-08-13 17:53:38,979 [INFO] src.sta: Timing FAILED: WNS=-0.011991 ns, TNS=-0.011991 ns
2026-08-13 17:53:38,979 [INFO] src.optimizer: Starting circuit optimization with initial cost 1.60891
2026-08-13 17:53:38,979 [INFO] src.optimizer: Optimization attempt 1/100
2026-08-13 17:53:38,979 [INFO] src.circuit: Preparing circuit c10_three_input_gates (5 gates, 11 nets)
2026-08-13 17:53:38,979 [INFO] src.circuit: Building the gate topological order
2026-08-13 17:53:38,979 [INFO] src.circuit: Computing gate fanout capacitances
2026-08-13 17:53:38,979 [INFO] src.circuit: Computing gate rise/fall delays
2026-08-13 17:53:38,979 [INFO] src.circuit: Computing circuit power
2026-08-13 17:53:38,979 [INFO] src.sta: Running static timing analysis
2026-08-13 17:53:38,980 [INFO] src.sta: Timing PASSED: WNS=0.012012 ns, TNS=0 ns
2026-08-13 17:53:38,980 [INFO] src.optimizer: Accepted timing repair: WNS -0.011991 -> 0.012012 ns, TNS -0.011991 -> 0 ns
2026-08-13 17:53:38,980 [INFO] src.optimizer: Optimization attempt 2/100
2026-08-13 17:53:38,980 [INFO] src.circuit: Preparing circuit c10_three_input_gates (5 gates, 11 nets)
2026-08-13 17:53:38,980 [INFO] src.circuit: Building the gate topological order
2026-08-13 17:53:38,980 [INFO] src.circuit: Computing gate fanout capacitances
2026-08-13 17:53:38,980 [INFO] src.circuit: Computing gate rise/fall delays
2026-08-13 17:53:38,980 [INFO] src.circuit: Computing circuit power
2026-08-13 17:53:38,980 [INFO] src.optimizer: Optimization attempt 3/100
2026-08-13 17:53:38,980 [INFO] src.optimizer: Optimization stopped: all one-step critical-path upsizes were exhausted
2026-08-13 17:53:38,980 [INFO] src.experiments: random_greedy optimization completed in 0.001966 s
2026-08-13 17:53:38,981 [INFO] src.experiments: Running experiment: visualization
2026-08-13 17:53:40,030 [INFO] src.experiments: Running experiment: monte_carlo
2026-08-13 17:53:40,030 [INFO] src.experiments: Monte Carlo experiment is disabled by configuration
2026-08-13 17:53:40,031 [INFO] src.experiments: Running experiment: summary
2026-08-13 17:53:40,032 [INFO] src.experiments: Circuit experiments completed; results are in /home/halfblood/common/uni/master/VLSI/project/impl/outputs/c10_three_input_gates
