2026-08-13 17:53:40,640 [INFO] __main__: Configuration validation passed: /home/halfblood/common/uni/master/VLSI/project/impl/Input_Files/circuits/valid/c11_gate_sizing_stress/config.json
2026-08-13 17:53:40,640 [INFO] __main__: Loading circuit c11_gate_sizing_stress
2026-08-13 17:53:40,642 [INFO] __main__: Cell-library validation passed: /home/halfblood/common/uni/master/VLSI/project/impl/Input_Files/cell_library.json
2026-08-13 17:53:40,643 [INFO] __main__: Netlist parsing and driver validation passed: /home/halfblood/common/uni/master/VLSI/project/impl/Input_Files/circuits/valid/c11_gate_sizing_stress/netlist.txt
2026-08-13 17:53:40,643 [INFO] src.circuit: Preparing circuit c11_gate_sizing_stress (6 gates, 9 nets)
2026-08-13 17:53:40,643 [INFO] src.circuit: Building the gate topological order
2026-08-13 17:53:40,643 [INFO] src.circuit: Computing gate fanout capacitances
2026-08-13 17:53:40,643 [INFO] src.circuit: Computing gate rise/fall delays
2026-08-13 17:53:40,643 [INFO] src.circuit: Computing circuit power
2026-08-13 17:53:40,643 [INFO] __main__: DAG validation passed
2026-08-13 17:53:40,643 [INFO] src.experiments: Running experiment: fanout_capacitances
2026-08-13 17:53:40,644 [INFO] src.experiments: Running experiment: gate_delays
2026-08-13 17:53:40,644 [INFO] src.experiments: Running experiment: timing_analysis
2026-08-13 17:53:40,644 [INFO] src.sta: Running static timing analysis
2026-08-13 17:53:40,644 [INFO] src.sta: Timing FAILED: WNS=-0.0295 ns, TNS=-0.0295 ns
2026-08-13 17:53:40,645 [INFO] src.experiments: Running experiment: logical_effort_analysis
2026-08-13 17:53:40,647 [INFO] src.experiments: Running experiment: optimization
2026-08-13 17:53:40,647 [INFO] src.experiments: Running slack_weighted_capacitance optimization
2026-08-13 17:53:40,647 [INFO] src.sta: Running static timing analysis
2026-08-13 17:53:40,647 [INFO] src.sta: Timing FAILED: WNS=-0.0295 ns, TNS=-0.0295 ns
2026-08-13 17:53:40,647 [INFO] src.optimizer: Starting circuit optimization with initial cost 1.81029
2026-08-13 17:53:40,647 [INFO] src.optimizer: Optimization attempt 1/100
2026-08-13 17:53:40,648 [INFO] src.circuit: Preparing circuit c11_gate_sizing_stress (6 gates, 9 nets)
2026-08-13 17:53:40,648 [INFO] src.circuit: Building the gate topological order
2026-08-13 17:53:40,648 [INFO] src.circuit: Computing gate fanout capacitances
2026-08-13 17:53:40,648 [INFO] src.circuit: Computing gate rise/fall delays
2026-08-13 17:53:40,649 [INFO] src.circuit: Computing circuit power
2026-08-13 17:53:40,649 [INFO] src.sta: Running static timing analysis
2026-08-13 17:53:40,649 [INFO] src.sta: Timing PASSED: WNS=0.0325 ns, TNS=0 ns
2026-08-13 17:53:40,649 [INFO] src.circuit: Preparing circuit c11_gate_sizing_stress (6 gates, 9 nets)
2026-08-13 17:53:40,649 [INFO] src.circuit: Building the gate topological order
2026-08-13 17:53:40,649 [INFO] src.circuit: Computing gate fanout capacitances
2026-08-13 17:53:40,649 [INFO] src.circuit: Computing gate rise/fall delays
2026-08-13 17:53:40,649 [INFO] src.circuit: Computing circuit power
2026-08-13 17:53:40,649 [INFO] src.circuit: Preparing circuit c11_gate_sizing_stress (6 gates, 9 nets)
2026-08-13 17:53:40,649 [INFO] src.circuit: Building the gate topological order
2026-08-13 17:53:40,650 [INFO] src.circuit: Computing gate fanout capacitances
2026-08-13 17:53:40,650 [INFO] src.circuit: Computing gate rise/fall delays
2026-08-13 17:53:40,650 [INFO] src.circuit: Computing circuit power
2026-08-13 17:53:40,650 [INFO] src.sta: Running static timing analysis
2026-08-13 17:53:40,650 [INFO] src.sta: Timing FAILED: WNS=-0.0310015 ns, TNS=-0.0371692 ns
2026-08-13 17:53:40,650 [INFO] src.circuit: Preparing circuit c11_gate_sizing_stress (6 gates, 9 nets)
2026-08-13 17:53:40,650 [INFO] src.circuit: Building the gate topological order
2026-08-13 17:53:40,650 [INFO] src.circuit: Computing gate fanout capacitances
2026-08-13 17:53:40,651 [INFO] src.circuit: Computing gate rise/fall delays
2026-08-13 17:53:40,651 [INFO] src.circuit: Computing circuit power
2026-08-13 17:53:40,651 [INFO] src.sta: Running static timing analysis
2026-08-13 17:53:40,651 [INFO] src.sta: Timing FAILED: WNS=-0.0309985 ns, TNS=-0.0325807 ns
2026-08-13 17:53:40,651 [INFO] src.optimizer: Accepted timing repair: WNS -0.0295 -> 0.0325 ns, TNS -0.0295 -> 0 ns
2026-08-13 17:53:40,651 [INFO] src.optimizer: Optimization attempt 2/100
2026-08-13 17:53:40,652 [INFO] src.circuit: Preparing circuit c11_gate_sizing_stress (6 gates, 9 nets)
2026-08-13 17:53:40,652 [INFO] src.circuit: Building the gate topological order
2026-08-13 17:53:40,652 [INFO] src.circuit: Computing gate fanout capacitances
2026-08-13 17:53:40,653 [INFO] src.circuit: Computing gate rise/fall delays
2026-08-13 17:53:40,653 [INFO] src.circuit: Computing circuit power
2026-08-13 17:53:40,653 [INFO] src.circuit: Preparing circuit c11_gate_sizing_stress (6 gates, 9 nets)
2026-08-13 17:53:40,653 [INFO] src.circuit: Building the gate topological order
2026-08-13 17:53:40,653 [INFO] src.circuit: Computing gate fanout capacitances
2026-08-13 17:53:40,653 [INFO] src.circuit: Computing gate rise/fall delays
2026-08-13 17:53:40,653 [INFO] src.circuit: Computing circuit power
2026-08-13 17:53:40,653 [INFO] src.sta: Running static timing analysis
2026-08-13 17:53:40,654 [INFO] src.sta: Timing PASSED: WNS=0.0309985 ns, TNS=0 ns
2026-08-13 17:53:40,654 [INFO] src.circuit: Preparing circuit c11_gate_sizing_stress (6 gates, 9 nets)
2026-08-13 17:53:40,654 [INFO] src.circuit: Building the gate topological order
2026-08-13 17:53:40,654 [INFO] src.circuit: Computing gate fanout capacitances
2026-08-13 17:53:40,655 [INFO] src.circuit: Computing gate rise/fall delays
2026-08-13 17:53:40,655 [INFO] src.circuit: Computing circuit power
2026-08-13 17:53:40,655 [INFO] src.sta: Running static timing analysis
2026-08-13 17:53:40,655 [INFO] src.sta: Timing PASSED: WNS=0.0310015 ns, TNS=0 ns
2026-08-13 17:53:40,655 [INFO] src.optimizer: Optimization stopped: timing is met and the best cost improvement 0 is below 1e-06
2026-08-13 17:53:40,655 [INFO] src.experiments: slack_weighted_capacitance optimization completed in 0.008365 s
2026-08-13 17:53:40,655 [INFO] src.experiments: Running random_greedy optimization
2026-08-13 17:53:40,655 [INFO] src.sta: Running static timing analysis
2026-08-13 17:53:40,656 [INFO] src.sta: Timing FAILED: WNS=-0.0295 ns, TNS=-0.0295 ns
2026-08-13 17:53:40,656 [INFO] src.optimizer: Starting circuit optimization with initial cost 1.81029
2026-08-13 17:53:40,656 [INFO] src.optimizer: Optimization attempt 1/100
2026-08-13 17:53:40,656 [INFO] src.circuit: Preparing circuit c11_gate_sizing_stress (6 gates, 9 nets)
2026-08-13 17:53:40,656 [INFO] src.circuit: Building the gate topological order
2026-08-13 17:53:40,656 [INFO] src.circuit: Computing gate fanout capacitances
2026-08-13 17:53:40,656 [INFO] src.circuit: Computing gate rise/fall delays
2026-08-13 17:53:40,656 [INFO] src.circuit: Computing circuit power
2026-08-13 17:53:40,656 [INFO] src.sta: Running static timing analysis
2026-08-13 17:53:40,657 [INFO] src.sta: Timing FAILED: WNS=-0.0310015 ns, TNS=-0.0371692 ns
2026-08-13 17:53:40,657 [INFO] src.optimizer: Optimization attempt 2/100
2026-08-13 17:53:40,657 [INFO] src.circuit: Preparing circuit c11_gate_sizing_stress (6 gates, 9 nets)
2026-08-13 17:53:40,657 [INFO] src.circuit: Building the gate topological order
2026-08-13 17:53:40,657 [INFO] src.circuit: Computing gate fanout capacitances
2026-08-13 17:53:40,657 [INFO] src.circuit: Computing gate rise/fall delays
2026-08-13 17:53:40,657 [INFO] src.circuit: Computing circuit power
2026-08-13 17:53:40,657 [INFO] src.sta: Running static timing analysis
2026-08-13 17:53:40,658 [INFO] src.sta: Timing PASSED: WNS=0.0325 ns, TNS=0 ns
2026-08-13 17:53:40,658 [INFO] src.optimizer: Accepted timing repair: WNS -0.0295 -> 0.0325 ns, TNS -0.0295 -> 0 ns
2026-08-13 17:53:40,658 [INFO] src.optimizer: Optimization attempt 3/100
2026-08-13 17:53:40,658 [INFO] src.circuit: Preparing circuit c11_gate_sizing_stress (6 gates, 9 nets)
2026-08-13 17:53:40,658 [INFO] src.circuit: Building the gate topological order
2026-08-13 17:53:40,658 [INFO] src.circuit: Computing gate fanout capacitances
2026-08-13 17:53:40,659 [INFO] src.circuit: Computing gate rise/fall delays
2026-08-13 17:53:40,659 [INFO] src.circuit: Computing circuit power
2026-08-13 17:53:40,659 [INFO] src.sta: Running static timing analysis
2026-08-13 17:53:40,659 [INFO] src.sta: Timing PASSED: WNS=0.0310015 ns, TNS=0 ns
2026-08-13 17:53:40,659 [INFO] src.optimizer: Optimization attempt 4/100
2026-08-13 17:53:40,659 [INFO] src.circuit: Preparing circuit c11_gate_sizing_stress (6 gates, 9 nets)
2026-08-13 17:53:40,660 [INFO] src.circuit: Building the gate topological order
2026-08-13 17:53:40,660 [INFO] src.circuit: Computing gate fanout capacitances
2026-08-13 17:53:40,660 [INFO] src.circuit: Computing gate rise/fall delays
2026-08-13 17:53:40,660 [INFO] src.circuit: Computing circuit power
2026-08-13 17:53:40,660 [INFO] src.optimizer: Optimization attempt 5/100
2026-08-13 17:53:40,660 [INFO] src.circuit: Preparing circuit c11_gate_sizing_stress (6 gates, 9 nets)
2026-08-13 17:53:40,660 [INFO] src.circuit: Building the gate topological order
2026-08-13 17:53:40,660 [INFO] src.circuit: Computing gate fanout capacitances
2026-08-13 17:53:40,660 [INFO] src.circuit: Computing gate rise/fall delays
2026-08-13 17:53:40,660 [INFO] src.circuit: Computing circuit power
2026-08-13 17:53:40,661 [INFO] src.sta: Running static timing analysis
2026-08-13 17:53:40,661 [INFO] src.sta: Timing PASSED: WNS=0.0309985 ns, TNS=0 ns
2026-08-13 17:53:40,661 [INFO] src.optimizer: Optimization attempt 6/100
2026-08-13 17:53:40,661 [INFO] src.optimizer: Optimization stopped: all one-step critical-path upsizes were exhausted
2026-08-13 17:53:40,661 [INFO] src.experiments: random_greedy optimization completed in 0.005802 s
2026-08-13 17:53:40,662 [INFO] src.experiments: Running experiment: visualization
2026-08-13 17:53:41,785 [INFO] src.experiments: Running experiment: monte_carlo
2026-08-13 17:53:41,785 [INFO] src.experiments: Monte Carlo experiment is disabled by configuration
2026-08-13 17:53:41,786 [INFO] src.experiments: Running experiment: summary
2026-08-13 17:53:41,786 [INFO] src.experiments: Circuit experiments completed; results are in /home/halfblood/common/uni/master/VLSI/project/impl/outputs/c11_gate_sizing_stress
