2026-08-13 17:53:32,109 [INFO] __main__: Configuration validation passed: /home/halfblood/common/uni/master/VLSI/project/impl/Input_Files/circuits/valid/c06_deep_critical_path/config.json
2026-08-13 17:53:32,109 [INFO] __main__: Loading circuit c06_deep_critical_path
2026-08-13 17:53:32,110 [INFO] __main__: Cell-library validation passed: /home/halfblood/common/uni/master/VLSI/project/impl/Input_Files/cell_library.json
2026-08-13 17:53:32,111 [INFO] __main__: Netlist parsing and driver validation passed: /home/halfblood/common/uni/master/VLSI/project/impl/Input_Files/circuits/valid/c06_deep_critical_path/netlist.txt
2026-08-13 17:53:32,111 [INFO] src.circuit: Preparing circuit c06_deep_critical_path (10 gates, 14 nets)
2026-08-13 17:53:32,111 [INFO] src.circuit: Building the gate topological order
2026-08-13 17:53:32,111 [INFO] src.circuit: Computing gate fanout capacitances
2026-08-13 17:53:32,111 [INFO] src.circuit: Computing gate rise/fall delays
2026-08-13 17:53:32,111 [INFO] src.circuit: Computing circuit power
2026-08-13 17:53:32,111 [INFO] __main__: DAG validation passed
2026-08-13 17:53:32,111 [INFO] src.experiments: Running experiment: fanout_capacitances
2026-08-13 17:53:32,112 [INFO] src.experiments: Running experiment: gate_delays
2026-08-13 17:53:32,112 [INFO] src.experiments: Running experiment: timing_analysis
2026-08-13 17:53:32,112 [INFO] src.sta: Running static timing analysis
2026-08-13 17:53:32,112 [INFO] src.sta: Timing FAILED: WNS=-0.022668 ns, TNS=-0.0268345 ns
2026-08-13 17:53:32,113 [INFO] src.experiments: Running experiment: logical_effort_analysis
2026-08-13 17:53:32,115 [INFO] src.experiments: Running experiment: optimization
2026-08-13 17:53:32,115 [INFO] src.experiments: Running slack_weighted_capacitance optimization
2026-08-13 17:53:32,115 [INFO] src.sta: Running static timing analysis
2026-08-13 17:53:32,115 [INFO] src.sta: Timing FAILED: WNS=-0.022668 ns, TNS=-0.0268345 ns
2026-08-13 17:53:32,115 [INFO] src.optimizer: Starting circuit optimization with initial cost 1.65038
2026-08-13 17:53:32,115 [INFO] src.optimizer: Optimization attempt 1/100
2026-08-13 17:53:32,116 [INFO] src.circuit: Preparing circuit c06_deep_critical_path (10 gates, 14 nets)
2026-08-13 17:53:32,116 [INFO] src.circuit: Building the gate topological order
2026-08-13 17:53:32,116 [INFO] src.circuit: Computing gate fanout capacitances
2026-08-13 17:53:32,116 [INFO] src.circuit: Computing gate rise/fall delays
2026-08-13 17:53:32,116 [INFO] src.circuit: Computing circuit power
2026-08-13 17:53:32,116 [INFO] src.sta: Running static timing analysis
2026-08-13 17:53:32,117 [INFO] src.sta: Timing PASSED: WNS=0.003332 ns, TNS=0 ns
2026-08-13 17:53:32,117 [INFO] src.circuit: Preparing circuit c06_deep_critical_path (10 gates, 14 nets)
2026-08-13 17:53:32,117 [INFO] src.circuit: Building the gate topological order
2026-08-13 17:53:32,117 [INFO] src.circuit: Computing gate fanout capacitances
2026-08-13 17:53:32,117 [INFO] src.circuit: Computing gate rise/fall delays
2026-08-13 17:53:32,117 [INFO] src.circuit: Computing circuit power
2026-08-13 17:53:32,117 [INFO] src.circuit: Preparing circuit c06_deep_critical_path (10 gates, 14 nets)
2026-08-13 17:53:32,117 [INFO] src.circuit: Building the gate topological order
2026-08-13 17:53:32,117 [INFO] src.circuit: Computing gate fanout capacitances
2026-08-13 17:53:32,117 [INFO] src.circuit: Computing gate rise/fall delays
2026-08-13 17:53:32,117 [INFO] src.circuit: Computing circuit power
2026-08-13 17:53:32,117 [INFO] src.sta: Running static timing analysis
2026-08-13 17:53:32,118 [INFO] src.sta: Timing FAILED: WNS=-0.027168 ns, TNS=-0.0385845 ns
2026-08-13 17:53:32,118 [INFO] src.circuit: Preparing circuit c06_deep_critical_path (10 gates, 14 nets)
2026-08-13 17:53:32,118 [INFO] src.circuit: Building the gate topological order
2026-08-13 17:53:32,118 [INFO] src.circuit: Computing gate fanout capacitances
2026-08-13 17:53:32,118 [INFO] src.circuit: Computing gate rise/fall delays
2026-08-13 17:53:32,118 [INFO] src.circuit: Computing circuit power
2026-08-13 17:53:32,118 [INFO] src.sta: Running static timing analysis
2026-08-13 17:53:32,119 [INFO] src.sta: Timing FAILED: WNS=-0.0241665 ns, TNS=-0.0334153 ns
2026-08-13 17:53:32,119 [INFO] src.circuit: Preparing circuit c06_deep_critical_path (10 gates, 14 nets)
2026-08-13 17:53:32,119 [INFO] src.circuit: Building the gate topological order
2026-08-13 17:53:32,119 [INFO] src.circuit: Computing gate fanout capacitances
2026-08-13 17:53:32,119 [INFO] src.circuit: Computing gate rise/fall delays
2026-08-13 17:53:32,119 [INFO] src.circuit: Computing circuit power
2026-08-13 17:53:32,119 [INFO] src.sta: Running static timing analysis
2026-08-13 17:53:32,119 [INFO] src.sta: Timing FAILED: WNS=-0.0216665 ns, TNS=-0.0284153 ns
2026-08-13 17:53:32,119 [INFO] src.circuit: Preparing circuit c06_deep_critical_path (10 gates, 14 nets)
2026-08-13 17:53:32,119 [INFO] src.circuit: Building the gate topological order
2026-08-13 17:53:32,119 [INFO] src.circuit: Computing gate fanout capacitances
2026-08-13 17:53:32,119 [INFO] src.circuit: Computing gate rise/fall delays
2026-08-13 17:53:32,120 [INFO] src.circuit: Computing circuit power
2026-08-13 17:53:32,120 [INFO] src.sta: Running static timing analysis
2026-08-13 17:53:32,120 [INFO] src.sta: Timing FAILED: WNS=-0.0265023 ns, TNS=-0.0400033 ns
2026-08-13 17:53:32,120 [INFO] src.optimizer: Accepted timing repair: WNS -0.022668 -> 0.003332 ns, TNS -0.0268345 -> 0 ns
2026-08-13 17:53:32,120 [INFO] src.optimizer: Optimization attempt 2/100
2026-08-13 17:53:32,121 [INFO] src.circuit: Preparing circuit c06_deep_critical_path (10 gates, 14 nets)
2026-08-13 17:53:32,121 [INFO] src.circuit: Building the gate topological order
2026-08-13 17:53:32,121 [INFO] src.circuit: Computing gate fanout capacitances
2026-08-13 17:53:32,122 [INFO] src.circuit: Computing gate rise/fall delays
2026-08-13 17:53:32,122 [INFO] src.circuit: Computing circuit power
2026-08-13 17:53:32,122 [INFO] src.circuit: Preparing circuit c06_deep_critical_path (10 gates, 14 nets)
2026-08-13 17:53:32,122 [INFO] src.circuit: Building the gate topological order
2026-08-13 17:53:32,122 [INFO] src.circuit: Computing gate fanout capacitances
2026-08-13 17:53:32,122 [INFO] src.circuit: Computing gate rise/fall delays
2026-08-13 17:53:32,122 [INFO] src.circuit: Computing circuit power
2026-08-13 17:53:32,122 [INFO] src.circuit: Preparing circuit c06_deep_critical_path (10 gates, 14 nets)
2026-08-13 17:53:32,122 [INFO] src.circuit: Building the gate topological order
2026-08-13 17:53:32,122 [INFO] src.circuit: Computing gate fanout capacitances
2026-08-13 17:53:32,122 [INFO] src.circuit: Computing gate rise/fall delays
2026-08-13 17:53:32,122 [INFO] src.circuit: Computing circuit power
2026-08-13 17:53:32,122 [INFO] src.circuit: Preparing circuit c06_deep_critical_path (10 gates, 14 nets)
2026-08-13 17:53:32,122 [INFO] src.circuit: Building the gate topological order
2026-08-13 17:53:32,122 [INFO] src.circuit: Computing gate fanout capacitances
2026-08-13 17:53:32,122 [INFO] src.circuit: Computing gate rise/fall delays
2026-08-13 17:53:32,122 [INFO] src.circuit: Computing circuit power
2026-08-13 17:53:32,122 [INFO] src.circuit: Preparing circuit c06_deep_critical_path (10 gates, 14 nets)
2026-08-13 17:53:32,122 [INFO] src.circuit: Building the gate topological order
2026-08-13 17:53:32,123 [INFO] src.circuit: Computing gate fanout capacitances
2026-08-13 17:53:32,123 [INFO] src.circuit: Computing gate rise/fall delays
2026-08-13 17:53:32,123 [INFO] src.circuit: Computing circuit power
2026-08-13 17:53:32,123 [INFO] src.optimizer: Optimization stopped: no selected sizing change is available within area and power constraints
2026-08-13 17:53:32,123 [INFO] src.experiments: slack_weighted_capacitance optimization completed in 0.007984 s
2026-08-13 17:53:32,123 [INFO] src.experiments: Running random_greedy optimization
2026-08-13 17:53:32,123 [INFO] src.sta: Running static timing analysis
2026-08-13 17:53:32,123 [INFO] src.sta: Timing FAILED: WNS=-0.022668 ns, TNS=-0.0268345 ns
2026-08-13 17:53:32,123 [INFO] src.optimizer: Starting circuit optimization with initial cost 1.65038
2026-08-13 17:53:32,123 [INFO] src.optimizer: Optimization attempt 1/100
2026-08-13 17:53:32,123 [INFO] src.circuit: Preparing circuit c06_deep_critical_path (10 gates, 14 nets)
2026-08-13 17:53:32,123 [INFO] src.circuit: Building the gate topological order
2026-08-13 17:53:32,124 [INFO] src.circuit: Computing gate fanout capacitances
2026-08-13 17:53:32,124 [INFO] src.circuit: Computing gate rise/fall delays
2026-08-13 17:53:32,124 [INFO] src.circuit: Computing circuit power
2026-08-13 17:53:32,124 [INFO] src.sta: Running static timing analysis
2026-08-13 17:53:32,124 [INFO] src.sta: Timing FAILED: WNS=-0.027168 ns, TNS=-0.0385845 ns
2026-08-13 17:53:32,124 [INFO] src.optimizer: Optimization attempt 2/100
2026-08-13 17:53:32,124 [INFO] src.circuit: Preparing circuit c06_deep_critical_path (10 gates, 14 nets)
2026-08-13 17:53:32,124 [INFO] src.circuit: Building the gate topological order
2026-08-13 17:53:32,124 [INFO] src.circuit: Computing gate fanout capacitances
2026-08-13 17:53:32,124 [INFO] src.circuit: Computing gate rise/fall delays
2026-08-13 17:53:32,124 [INFO] src.circuit: Computing circuit power
2026-08-13 17:53:32,124 [INFO] src.sta: Running static timing analysis
2026-08-13 17:53:32,125 [INFO] src.sta: Timing PASSED: WNS=0.003332 ns, TNS=0 ns
2026-08-13 17:53:32,125 [INFO] src.optimizer: Accepted timing repair: WNS -0.022668 -> 0.003332 ns, TNS -0.0268345 -> 0 ns
2026-08-13 17:53:32,125 [INFO] src.optimizer: Optimization attempt 3/100
2026-08-13 17:53:32,125 [INFO] src.circuit: Preparing circuit c06_deep_critical_path (10 gates, 14 nets)
2026-08-13 17:53:32,125 [INFO] src.circuit: Building the gate topological order
2026-08-13 17:53:32,125 [INFO] src.circuit: Computing gate fanout capacitances
2026-08-13 17:53:32,125 [INFO] src.circuit: Computing gate rise/fall delays
2026-08-13 17:53:32,125 [INFO] src.circuit: Computing circuit power
2026-08-13 17:53:32,125 [INFO] src.optimizer: Optimization attempt 4/100
2026-08-13 17:53:32,125 [INFO] src.circuit: Preparing circuit c06_deep_critical_path (10 gates, 14 nets)
2026-08-13 17:53:32,125 [INFO] src.circuit: Building the gate topological order
2026-08-13 17:53:32,126 [INFO] src.circuit: Computing gate fanout capacitances
2026-08-13 17:53:32,126 [INFO] src.circuit: Computing gate rise/fall delays
2026-08-13 17:53:32,126 [INFO] src.circuit: Computing circuit power
2026-08-13 17:53:32,126 [INFO] src.optimizer: Optimization attempt 5/100
2026-08-13 17:53:32,126 [INFO] src.circuit: Preparing circuit c06_deep_critical_path (10 gates, 14 nets)
2026-08-13 17:53:32,126 [INFO] src.circuit: Building the gate topological order
2026-08-13 17:53:32,126 [INFO] src.circuit: Computing gate fanout capacitances
2026-08-13 17:53:32,126 [INFO] src.circuit: Computing gate rise/fall delays
2026-08-13 17:53:32,126 [INFO] src.circuit: Computing circuit power
2026-08-13 17:53:32,126 [INFO] src.optimizer: Optimization attempt 6/100
2026-08-13 17:53:32,126 [INFO] src.circuit: Preparing circuit c06_deep_critical_path (10 gates, 14 nets)
2026-08-13 17:53:32,126 [INFO] src.circuit: Building the gate topological order
2026-08-13 17:53:32,126 [INFO] src.circuit: Computing gate fanout capacitances
2026-08-13 17:53:32,126 [INFO] src.circuit: Computing gate rise/fall delays
2026-08-13 17:53:32,126 [INFO] src.circuit: Computing circuit power
2026-08-13 17:53:32,126 [INFO] src.optimizer: Optimization attempt 7/100
2026-08-13 17:53:32,127 [INFO] src.circuit: Preparing circuit c06_deep_critical_path (10 gates, 14 nets)
2026-08-13 17:53:32,127 [INFO] src.circuit: Building the gate topological order
2026-08-13 17:53:32,127 [INFO] src.circuit: Computing gate fanout capacitances
2026-08-13 17:53:32,127 [INFO] src.circuit: Computing gate rise/fall delays
2026-08-13 17:53:32,127 [INFO] src.circuit: Computing circuit power
2026-08-13 17:53:32,127 [INFO] src.optimizer: Optimization attempt 8/100
2026-08-13 17:53:32,127 [INFO] src.optimizer: Optimization stopped: all one-step critical-path upsizes were exhausted
2026-08-13 17:53:32,127 [INFO] src.experiments: random_greedy optimization completed in 0.004108 s
2026-08-13 17:53:32,128 [INFO] src.experiments: Running experiment: visualization
2026-08-13 17:53:33,495 [INFO] src.experiments: Running experiment: monte_carlo
2026-08-13 17:53:33,495 [INFO] src.experiments: Monte Carlo experiment is disabled by configuration
2026-08-13 17:53:33,496 [INFO] src.experiments: Running experiment: summary
2026-08-13 17:53:33,496 [INFO] src.experiments: Circuit experiments completed; results are in /home/halfblood/common/uni/master/VLSI/project/impl/outputs/c06_deep_critical_path
