2026-08-13 17:53:28,857 [INFO] __main__: Configuration validation passed: /home/halfblood/common/uni/master/VLSI/project/impl/Input_Files/circuits/valid/c04_reconvergent_paths/config.json
2026-08-13 17:53:28,857 [INFO] __main__: Loading circuit c04_reconvergent_paths
2026-08-13 17:53:28,859 [INFO] __main__: Cell-library validation passed: /home/halfblood/common/uni/master/VLSI/project/impl/Input_Files/cell_library.json
2026-08-13 17:53:28,859 [INFO] __main__: Netlist parsing and driver validation passed: /home/halfblood/common/uni/master/VLSI/project/impl/Input_Files/circuits/valid/c04_reconvergent_paths/netlist.txt
2026-08-13 17:53:28,859 [INFO] src.circuit: Preparing circuit c04_reconvergent_paths (5 gates, 9 nets)
2026-08-13 17:53:28,859 [INFO] src.circuit: Building the gate topological order
2026-08-13 17:53:28,860 [INFO] src.circuit: Computing gate fanout capacitances
2026-08-13 17:53:28,860 [INFO] src.circuit: Computing gate rise/fall delays
2026-08-13 17:53:28,860 [INFO] src.circuit: Computing circuit power
2026-08-13 17:53:28,860 [INFO] __main__: DAG validation passed
2026-08-13 17:53:28,860 [INFO] src.experiments: Running experiment: fanout_capacitances
2026-08-13 17:53:28,860 [INFO] src.experiments: Running experiment: gate_delays
2026-08-13 17:53:28,861 [INFO] src.experiments: Running experiment: timing_analysis
2026-08-13 17:53:28,861 [INFO] src.sta: Running static timing analysis
2026-08-13 17:53:28,861 [INFO] src.sta: Timing FAILED: WNS=-0.00717 ns, TNS=-0.00717 ns
2026-08-13 17:53:28,862 [INFO] src.experiments: Running experiment: logical_effort_analysis
2026-08-13 17:53:28,863 [INFO] src.experiments: Running experiment: optimization
2026-08-13 17:53:28,863 [INFO] src.experiments: Running slack_weighted_capacitance optimization
2026-08-13 17:53:28,863 [INFO] src.sta: Running static timing analysis
2026-08-13 17:53:28,863 [INFO] src.sta: Timing FAILED: WNS=-0.00717 ns, TNS=-0.00717 ns
2026-08-13 17:53:28,863 [INFO] src.optimizer: Starting circuit optimization with initial cost 1.53172
2026-08-13 17:53:28,863 [INFO] src.optimizer: Optimization attempt 1/100
2026-08-13 17:53:28,864 [INFO] src.circuit: Preparing circuit c04_reconvergent_paths (5 gates, 9 nets)
2026-08-13 17:53:28,864 [INFO] src.circuit: Building the gate topological order
2026-08-13 17:53:28,864 [INFO] src.circuit: Computing gate fanout capacitances
2026-08-13 17:53:28,864 [INFO] src.circuit: Computing gate rise/fall delays
2026-08-13 17:53:28,864 [INFO] src.circuit: Computing circuit power
2026-08-13 17:53:28,864 [INFO] src.sta: Running static timing analysis
2026-08-13 17:53:28,864 [INFO] src.sta: Timing PASSED: WNS=0.00591 ns, TNS=0 ns
2026-08-13 17:53:28,864 [INFO] src.circuit: Preparing circuit c04_reconvergent_paths (5 gates, 9 nets)
2026-08-13 17:53:28,864 [INFO] src.circuit: Building the gate topological order
2026-08-13 17:53:28,865 [INFO] src.circuit: Computing gate fanout capacitances
2026-08-13 17:53:28,865 [INFO] src.circuit: Computing gate rise/fall delays
2026-08-13 17:53:28,865 [INFO] src.circuit: Computing circuit power
2026-08-13 17:53:28,865 [INFO] src.circuit: Preparing circuit c04_reconvergent_paths (5 gates, 9 nets)
2026-08-13 17:53:28,865 [INFO] src.circuit: Building the gate topological order
2026-08-13 17:53:28,865 [INFO] src.circuit: Computing gate fanout capacitances
2026-08-13 17:53:28,865 [INFO] src.circuit: Computing gate rise/fall delays
2026-08-13 17:53:28,865 [INFO] src.circuit: Computing circuit power
2026-08-13 17:53:28,865 [INFO] src.sta: Running static timing analysis
2026-08-13 17:53:28,865 [INFO] src.sta: Timing FAILED: WNS=-0.026835 ns, TNS=-0.026835 ns
2026-08-13 17:53:28,865 [INFO] src.optimizer: Accepted timing repair: WNS -0.00717 -> 0.00591 ns, TNS -0.00717 -> 0 ns
2026-08-13 17:53:28,865 [INFO] src.optimizer: Optimization attempt 2/100
2026-08-13 17:53:28,866 [INFO] src.circuit: Preparing circuit c04_reconvergent_paths (5 gates, 9 nets)
2026-08-13 17:53:28,866 [INFO] src.circuit: Building the gate topological order
2026-08-13 17:53:28,866 [INFO] src.circuit: Computing gate fanout capacitances
2026-08-13 17:53:28,866 [INFO] src.circuit: Computing gate rise/fall delays
2026-08-13 17:53:28,866 [INFO] src.circuit: Computing circuit power
2026-08-13 17:53:28,866 [INFO] src.circuit: Preparing circuit c04_reconvergent_paths (5 gates, 9 nets)
2026-08-13 17:53:28,866 [INFO] src.circuit: Building the gate topological order
2026-08-13 17:53:28,866 [INFO] src.circuit: Computing gate fanout capacitances
2026-08-13 17:53:28,866 [INFO] src.circuit: Computing gate rise/fall delays
2026-08-13 17:53:28,866 [INFO] src.circuit: Computing circuit power
2026-08-13 17:53:28,867 [INFO] src.optimizer: Optimization stopped: no selected sizing change is available within area and power constraints
2026-08-13 17:53:28,867 [INFO] src.experiments: slack_weighted_capacitance optimization completed in 0.003801 s
2026-08-13 17:53:28,867 [INFO] src.experiments: Running random_greedy optimization
2026-08-13 17:53:28,867 [INFO] src.sta: Running static timing analysis
2026-08-13 17:53:28,867 [INFO] src.sta: Timing FAILED: WNS=-0.00717 ns, TNS=-0.00717 ns
2026-08-13 17:53:28,867 [INFO] src.optimizer: Starting circuit optimization with initial cost 1.53172
2026-08-13 17:53:28,867 [INFO] src.optimizer: Optimization attempt 1/100
2026-08-13 17:53:28,867 [INFO] src.circuit: Preparing circuit c04_reconvergent_paths (5 gates, 9 nets)
2026-08-13 17:53:28,867 [INFO] src.circuit: Building the gate topological order
2026-08-13 17:53:28,867 [INFO] src.circuit: Computing gate fanout capacitances
2026-08-13 17:53:28,867 [INFO] src.circuit: Computing gate rise/fall delays
2026-08-13 17:53:28,867 [INFO] src.circuit: Computing circuit power
2026-08-13 17:53:28,868 [INFO] src.sta: Running static timing analysis
2026-08-13 17:53:28,868 [INFO] src.sta: Timing PASSED: WNS=0.00591 ns, TNS=0 ns
2026-08-13 17:53:28,868 [INFO] src.optimizer: Accepted timing repair: WNS -0.00717 -> 0.00591 ns, TNS -0.00717 -> 0 ns
2026-08-13 17:53:28,868 [INFO] src.optimizer: Optimization attempt 2/100
2026-08-13 17:53:28,868 [INFO] src.circuit: Preparing circuit c04_reconvergent_paths (5 gates, 9 nets)
2026-08-13 17:53:28,868 [INFO] src.circuit: Building the gate topological order
2026-08-13 17:53:28,868 [INFO] src.circuit: Computing gate fanout capacitances
2026-08-13 17:53:28,868 [INFO] src.circuit: Computing gate rise/fall delays
2026-08-13 17:53:28,868 [INFO] src.circuit: Computing circuit power
2026-08-13 17:53:28,868 [INFO] src.optimizer: Optimization attempt 3/100
2026-08-13 17:53:28,868 [INFO] src.circuit: Preparing circuit c04_reconvergent_paths (5 gates, 9 nets)
2026-08-13 17:53:28,869 [INFO] src.circuit: Building the gate topological order
2026-08-13 17:53:28,869 [INFO] src.circuit: Computing gate fanout capacitances
2026-08-13 17:53:28,869 [INFO] src.circuit: Computing gate rise/fall delays
2026-08-13 17:53:28,869 [INFO] src.circuit: Computing circuit power
2026-08-13 17:53:28,869 [INFO] src.optimizer: Optimization attempt 4/100
2026-08-13 17:53:28,869 [INFO] src.optimizer: Optimization stopped: all one-step critical-path upsizes were exhausted
2026-08-13 17:53:28,869 [INFO] src.experiments: random_greedy optimization completed in 0.002361 s
2026-08-13 17:53:28,870 [INFO] src.experiments: Running experiment: visualization
2026-08-13 17:53:29,864 [INFO] src.experiments: Running experiment: monte_carlo
2026-08-13 17:53:29,864 [INFO] src.experiments: Monte Carlo experiment is disabled by configuration
2026-08-13 17:53:29,864 [INFO] src.experiments: Running experiment: summary
2026-08-13 17:53:29,865 [INFO] src.experiments: Circuit experiments completed; results are in /home/halfblood/common/uni/master/VLSI/project/impl/outputs/c04_reconvergent_paths
