2026-08-13 17:53:49,922 [INFO] __main__: Configuration validation passed: /home/halfblood/common/uni/master/VLSI/project/impl/Input_Files/circuits/valid/c14_layered_reconvergent_fabric/config.json
2026-08-13 17:53:49,923 [INFO] __main__: Loading circuit c14_layered_reconvergent_fabric
2026-08-13 17:53:49,924 [INFO] __main__: Cell-library validation passed: /home/halfblood/common/uni/master/VLSI/project/impl/Input_Files/cell_library.json
2026-08-13 17:53:49,925 [INFO] __main__: Netlist parsing and driver validation passed: /home/halfblood/common/uni/master/VLSI/project/impl/Input_Files/circuits/valid/c14_layered_reconvergent_fabric/netlist.txt
2026-08-13 17:53:49,925 [INFO] src.circuit: Preparing circuit c14_layered_reconvergent_fabric (104 gates, 120 nets)
2026-08-13 17:53:49,925 [INFO] src.circuit: Building the gate topological order
2026-08-13 17:53:49,925 [INFO] src.circuit: Computing gate fanout capacitances
2026-08-13 17:53:49,925 [INFO] src.circuit: Computing gate rise/fall delays
2026-08-13 17:53:49,925 [INFO] src.circuit: Computing circuit power
2026-08-13 17:53:49,925 [INFO] __main__: DAG validation passed
2026-08-13 17:53:49,926 [INFO] src.experiments: Running experiment: fanout_capacitances
2026-08-13 17:53:49,926 [INFO] src.experiments: Running experiment: gate_delays
2026-08-13 17:53:49,927 [INFO] src.experiments: Running experiment: timing_analysis
2026-08-13 17:53:49,927 [INFO] src.sta: Running static timing analysis
2026-08-13 17:53:49,929 [INFO] src.sta: Timing FAILED: WNS=-0.021325 ns, TNS=-0.159635 ns
2026-08-13 17:53:49,930 [INFO] src.experiments: Running experiment: logical_effort_analysis
2026-08-13 17:53:49,932 [INFO] src.experiments: Running experiment: optimization
2026-08-13 17:53:49,932 [INFO] src.experiments: Running slack_weighted_capacitance optimization
2026-08-13 17:53:49,932 [INFO] src.sta: Running static timing analysis
2026-08-13 17:53:49,934 [INFO] src.sta: Timing FAILED: WNS=-0.021325 ns, TNS=-0.159635 ns
2026-08-13 17:53:49,934 [INFO] src.optimizer: Starting circuit optimization with initial cost 1.50778
2026-08-13 17:53:49,934 [INFO] src.optimizer: Optimization attempt 1/100
2026-08-13 17:53:49,935 [INFO] src.circuit: Preparing circuit c14_layered_reconvergent_fabric (104 gates, 120 nets)
2026-08-13 17:53:49,935 [INFO] src.circuit: Building the gate topological order
2026-08-13 17:53:49,936 [INFO] src.circuit: Computing gate fanout capacitances
2026-08-13 17:53:49,936 [INFO] src.circuit: Computing gate rise/fall delays
2026-08-13 17:53:49,936 [INFO] src.circuit: Computing circuit power
2026-08-13 17:53:49,936 [INFO] src.sta: Running static timing analysis
2026-08-13 17:53:49,938 [INFO] src.sta: Timing FAILED: WNS=-0.042321 ns, TNS=-0.167643 ns
2026-08-13 17:53:49,938 [INFO] src.circuit: Preparing circuit c14_layered_reconvergent_fabric (104 gates, 120 nets)
2026-08-13 17:53:49,938 [INFO] src.circuit: Building the gate topological order
2026-08-13 17:53:49,938 [INFO] src.circuit: Computing gate fanout capacitances
2026-08-13 17:53:49,938 [INFO] src.circuit: Computing gate rise/fall delays
2026-08-13 17:53:49,939 [INFO] src.circuit: Computing circuit power
2026-08-13 17:53:49,939 [INFO] src.sta: Running static timing analysis
2026-08-13 17:53:49,941 [INFO] src.sta: Timing FAILED: WNS=-0.091314 ns, TNS=-0.282256 ns
2026-08-13 17:53:49,941 [INFO] src.circuit: Preparing circuit c14_layered_reconvergent_fabric (104 gates, 120 nets)
2026-08-13 17:53:49,941 [INFO] src.circuit: Building the gate topological order
2026-08-13 17:53:49,941 [INFO] src.circuit: Computing gate fanout capacitances
2026-08-13 17:53:49,941 [INFO] src.circuit: Computing gate rise/fall delays
2026-08-13 17:53:49,941 [INFO] src.circuit: Computing circuit power
2026-08-13 17:53:49,941 [INFO] src.sta: Running static timing analysis
2026-08-13 17:53:49,943 [INFO] src.sta: Timing FAILED: WNS=-0.0324975 ns, TNS=-0.202471 ns
2026-08-13 17:53:49,944 [INFO] src.circuit: Preparing circuit c14_layered_reconvergent_fabric (104 gates, 120 nets)
2026-08-13 17:53:49,944 [INFO] src.circuit: Building the gate topological order
2026-08-13 17:53:49,944 [INFO] src.circuit: Computing gate fanout capacitances
2026-08-13 17:53:49,944 [INFO] src.circuit: Computing gate rise/fall delays
2026-08-13 17:53:49,944 [INFO] src.circuit: Computing circuit power
2026-08-13 17:53:49,944 [INFO] src.sta: Running static timing analysis
2026-08-13 17:53:49,946 [INFO] src.sta: Timing FAILED: WNS=-0.034504 ns, TNS=-0.212571 ns
2026-08-13 17:53:49,946 [INFO] src.circuit: Preparing circuit c14_layered_reconvergent_fabric (104 gates, 120 nets)
2026-08-13 17:53:49,946 [INFO] src.circuit: Building the gate topological order
2026-08-13 17:53:49,946 [INFO] src.circuit: Computing gate fanout capacitances
2026-08-13 17:53:49,947 [INFO] src.circuit: Computing gate rise/fall delays
2026-08-13 17:53:49,947 [INFO] src.circuit: Computing circuit power
2026-08-13 17:53:49,947 [INFO] src.sta: Running static timing analysis
2026-08-13 17:53:49,949 [INFO] src.sta: Timing FAILED: WNS=-0.0178245 ns, TNS=-0.115655 ns
2026-08-13 17:53:49,949 [INFO] src.circuit: Preparing circuit c14_layered_reconvergent_fabric (104 gates, 120 nets)
2026-08-13 17:53:49,949 [INFO] src.circuit: Building the gate topological order
2026-08-13 17:53:49,949 [INFO] src.circuit: Computing gate fanout capacitances
2026-08-13 17:53:49,949 [INFO] src.circuit: Computing gate rise/fall delays
2026-08-13 17:53:49,949 [INFO] src.circuit: Computing circuit power
2026-08-13 17:53:49,949 [INFO] src.sta: Running static timing analysis
2026-08-13 17:53:49,951 [INFO] src.sta: Timing FAILED: WNS=-0.0178245 ns, TNS=-0.164895 ns
2026-08-13 17:53:49,951 [INFO] src.optimizer: Accepted timing repair: WNS -0.021325 -> -0.0178245 ns, TNS -0.159635 -> -0.115655 ns
2026-08-13 17:53:49,951 [INFO] src.optimizer: Optimization attempt 2/100
2026-08-13 17:53:49,953 [INFO] src.circuit: Preparing circuit c14_layered_reconvergent_fabric (104 gates, 120 nets)
2026-08-13 17:53:49,953 [INFO] src.circuit: Building the gate topological order
2026-08-13 17:53:49,953 [INFO] src.circuit: Computing gate fanout capacitances
2026-08-13 17:53:49,953 [INFO] src.circuit: Computing gate rise/fall delays
2026-08-13 17:53:49,953 [INFO] src.circuit: Computing circuit power
2026-08-13 17:53:49,953 [INFO] src.sta: Running static timing analysis
2026-08-13 17:53:49,955 [INFO] src.sta: Timing FAILED: WNS=-0.013995 ns, TNS=-0.0810055 ns
2026-08-13 17:53:49,955 [INFO] src.circuit: Preparing circuit c14_layered_reconvergent_fabric (104 gates, 120 nets)
2026-08-13 17:53:49,955 [INFO] src.circuit: Building the gate topological order
2026-08-13 17:53:49,956 [INFO] src.circuit: Computing gate fanout capacitances
2026-08-13 17:53:49,956 [INFO] src.circuit: Computing gate rise/fall delays
2026-08-13 17:53:49,956 [INFO] src.circuit: Computing circuit power
2026-08-13 17:53:49,956 [INFO] src.sta: Running static timing analysis
2026-08-13 17:53:49,958 [INFO] src.sta: Timing FAILED: WNS=-0.013995 ns, TNS=-0.0810055 ns
2026-08-13 17:53:49,958 [INFO] src.circuit: Preparing circuit c14_layered_reconvergent_fabric (104 gates, 120 nets)
2026-08-13 17:53:49,958 [INFO] src.circuit: Building the gate topological order
2026-08-13 17:53:49,959 [INFO] src.circuit: Computing gate fanout capacitances
2026-08-13 17:53:49,959 [INFO] src.circuit: Computing gate rise/fall delays
2026-08-13 17:53:49,959 [INFO] src.circuit: Computing circuit power
2026-08-13 17:53:49,959 [INFO] src.sta: Running static timing analysis
2026-08-13 17:53:49,961 [INFO] src.sta: Timing FAILED: WNS=-0.0288245 ns, TNS=-0.137655 ns
2026-08-13 17:53:49,961 [INFO] src.circuit: Preparing circuit c14_layered_reconvergent_fabric (104 gates, 120 nets)
2026-08-13 17:53:49,961 [INFO] src.circuit: Building the gate topological order
2026-08-13 17:53:49,961 [INFO] src.circuit: Computing gate fanout capacitances
2026-08-13 17:53:49,961 [INFO] src.circuit: Computing gate rise/fall delays
2026-08-13 17:53:49,962 [INFO] src.circuit: Computing circuit power
2026-08-13 17:53:49,962 [INFO] src.sta: Running static timing analysis
2026-08-13 17:53:49,964 [INFO] src.sta: Timing FAILED: WNS=-0.0344825 ns, TNS=-0.148971 ns
2026-08-13 17:53:49,964 [INFO] src.circuit: Preparing circuit c14_layered_reconvergent_fabric (104 gates, 120 nets)
2026-08-13 17:53:49,964 [INFO] src.circuit: Building the gate topological order
2026-08-13 17:53:49,964 [INFO] src.circuit: Computing gate fanout capacitances
2026-08-13 17:53:49,964 [INFO] src.circuit: Computing gate rise/fall delays
2026-08-13 17:53:49,965 [INFO] src.circuit: Computing circuit power
2026-08-13 17:53:49,965 [INFO] src.sta: Running static timing analysis
2026-08-13 17:53:49,967 [INFO] src.sta: Timing FAILED: WNS=-0.013995 ns, TNS=-0.0926545 ns
2026-08-13 17:53:49,967 [INFO] src.circuit: Preparing circuit c14_layered_reconvergent_fabric (104 gates, 120 nets)
2026-08-13 17:53:49,967 [INFO] src.circuit: Building the gate topological order
2026-08-13 17:53:49,967 [INFO] src.circuit: Computing gate fanout capacitances
2026-08-13 17:53:49,967 [INFO] src.circuit: Computing gate rise/fall delays
2026-08-13 17:53:49,967 [INFO] src.circuit: Computing circuit power
2026-08-13 17:53:49,967 [INFO] src.sta: Running static timing analysis
2026-08-13 17:53:49,969 [INFO] src.sta: Timing FAILED: WNS=-0.0371595 ns, TNS=-0.154325 ns
2026-08-13 17:53:49,970 [INFO] src.optimizer: Accepted timing repair: WNS -0.0178245 -> -0.013995 ns, TNS -0.115655 -> -0.0926545 ns
2026-08-13 17:53:49,970 [INFO] src.optimizer: Optimization attempt 3/100
2026-08-13 17:53:49,971 [INFO] src.circuit: Preparing circuit c14_layered_reconvergent_fabric (104 gates, 120 nets)
2026-08-13 17:53:49,971 [INFO] src.circuit: Building the gate topological order
2026-08-13 17:53:49,971 [INFO] src.circuit: Computing gate fanout capacitances
2026-08-13 17:53:49,971 [INFO] src.circuit: Computing gate rise/fall delays
2026-08-13 17:53:49,971 [INFO] src.circuit: Computing circuit power
2026-08-13 17:53:49,972 [INFO] src.sta: Running static timing analysis
2026-08-13 17:53:49,973 [INFO] src.sta: Timing FAILED: WNS=-0.0185728 ns, TNS=-0.090827 ns
2026-08-13 17:53:49,974 [INFO] src.circuit: Preparing circuit c14_layered_reconvergent_fabric (104 gates, 120 nets)
2026-08-13 17:53:49,974 [INFO] src.circuit: Building the gate topological order
2026-08-13 17:53:49,974 [INFO] src.circuit: Computing gate fanout capacitances
2026-08-13 17:53:49,974 [INFO] src.circuit: Computing gate rise/fall delays
2026-08-13 17:53:49,974 [INFO] src.circuit: Computing circuit power
2026-08-13 17:53:49,974 [INFO] src.sta: Running static timing analysis
2026-08-13 17:53:49,976 [INFO] src.sta: Timing FAILED: WNS=-0.0430693 ns, TNS=-0.13982 ns
2026-08-13 17:53:49,976 [INFO] src.circuit: Preparing circuit c14_layered_reconvergent_fabric (104 gates, 120 nets)
2026-08-13 17:53:49,976 [INFO] src.circuit: Building the gate topological order
2026-08-13 17:53:49,977 [INFO] src.circuit: Computing gate fanout capacitances
2026-08-13 17:53:49,977 [INFO] src.circuit: Computing gate rise/fall delays
2026-08-13 17:53:49,977 [INFO] src.circuit: Computing circuit power
2026-08-13 17:53:49,977 [INFO] src.sta: Running static timing analysis
2026-08-13 17:53:49,979 [INFO] src.sta: Timing FAILED: WNS=-0.0251675 ns, TNS=-0.16413 ns
2026-08-13 17:53:49,979 [INFO] src.circuit: Preparing circuit c14_layered_reconvergent_fabric (104 gates, 120 nets)
2026-08-13 17:53:49,979 [INFO] src.circuit: Building the gate topological order
2026-08-13 17:53:49,979 [INFO] src.circuit: Computing gate fanout capacitances
2026-08-13 17:53:49,979 [INFO] src.circuit: Computing gate rise/fall delays
2026-08-13 17:53:49,980 [INFO] src.circuit: Computing circuit power
2026-08-13 17:53:49,980 [INFO] src.sta: Running static timing analysis
2026-08-13 17:53:49,981 [INFO] src.sta: Timing FAILED: WNS=-0.027174 ns, TNS=-0.145592 ns
2026-08-13 17:53:49,982 [INFO] src.circuit: Preparing circuit c14_layered_reconvergent_fabric (104 gates, 120 nets)
2026-08-13 17:53:49,982 [INFO] src.circuit: Building the gate topological order
2026-08-13 17:53:49,982 [INFO] src.circuit: Computing gate fanout capacitances
2026-08-13 17:53:49,982 [INFO] src.circuit: Computing gate rise/fall delays
2026-08-13 17:53:49,982 [INFO] src.circuit: Computing circuit power
2026-08-13 17:53:49,982 [INFO] src.sta: Running static timing analysis
2026-08-13 17:53:49,984 [INFO] src.sta: Timing FAILED: WNS=-0.021325 ns, TNS=-0.136635 ns
2026-08-13 17:53:49,985 [INFO] src.circuit: Preparing circuit c14_layered_reconvergent_fabric (104 gates, 120 nets)
2026-08-13 17:53:49,985 [INFO] src.circuit: Building the gate topological order
2026-08-13 17:53:49,985 [INFO] src.circuit: Computing gate fanout capacitances
2026-08-13 17:53:49,985 [INFO] src.circuit: Computing gate rise/fall delays
2026-08-13 17:53:49,985 [INFO] src.circuit: Computing circuit power
2026-08-13 17:53:49,985 [INFO] src.sta: Running static timing analysis
2026-08-13 17:53:49,987 [INFO] src.sta: Timing FAILED: WNS=-0.013995 ns, TNS=-0.0703145 ns
2026-08-13 17:53:49,987 [INFO] src.circuit: Preparing circuit c14_layered_reconvergent_fabric (104 gates, 120 nets)
2026-08-13 17:53:49,987 [INFO] src.circuit: Building the gate topological order
2026-08-13 17:53:49,988 [INFO] src.circuit: Computing gate fanout capacitances
2026-08-13 17:53:49,988 [INFO] src.circuit: Computing gate rise/fall delays
2026-08-13 17:53:49,988 [INFO] src.circuit: Computing circuit power
2026-08-13 17:53:49,988 [INFO] src.sta: Running static timing analysis
2026-08-13 17:53:49,990 [INFO] src.sta: Timing FAILED: WNS=-0.013995 ns, TNS=-0.0703145 ns
2026-08-13 17:53:49,990 [INFO] src.optimizer: Accepted timing repair: WNS -0.013995 -> -0.013995 ns, TNS -0.0926545 -> -0.0703145 ns
2026-08-13 17:53:49,990 [INFO] src.optimizer: Optimization attempt 4/100
2026-08-13 17:53:49,991 [INFO] src.circuit: Preparing circuit c14_layered_reconvergent_fabric (104 gates, 120 nets)
2026-08-13 17:53:49,992 [INFO] src.circuit: Building the gate topological order
2026-08-13 17:53:49,992 [INFO] src.circuit: Computing gate fanout capacitances
2026-08-13 17:53:49,992 [INFO] src.circuit: Computing gate rise/fall delays
2026-08-13 17:53:49,992 [INFO] src.circuit: Computing circuit power
2026-08-13 17:53:49,992 [INFO] src.sta: Running static timing analysis
2026-08-13 17:53:49,994 [INFO] src.sta: Timing FAILED: WNS=-0.0185728 ns, TNS=-0.068487 ns
2026-08-13 17:53:49,995 [INFO] src.circuit: Preparing circuit c14_layered_reconvergent_fabric (104 gates, 120 nets)
2026-08-13 17:53:49,995 [INFO] src.circuit: Building the gate topological order
2026-08-13 17:53:49,995 [INFO] src.circuit: Computing gate fanout capacitances
2026-08-13 17:53:49,995 [INFO] src.circuit: Computing gate rise/fall delays
2026-08-13 17:53:49,995 [INFO] src.circuit: Computing circuit power
2026-08-13 17:53:49,995 [INFO] src.sta: Running static timing analysis
2026-08-13 17:53:49,998 [INFO] src.sta: Timing FAILED: WNS=-0.0430693 ns, TNS=-0.11748 ns
2026-08-13 17:53:49,998 [INFO] src.circuit: Preparing circuit c14_layered_reconvergent_fabric (104 gates, 120 nets)
2026-08-13 17:53:49,998 [INFO] src.circuit: Building the gate topological order
2026-08-13 17:53:49,998 [INFO] src.circuit: Computing gate fanout capacitances
2026-08-13 17:53:49,999 [INFO] src.circuit: Computing gate rise/fall delays
2026-08-13 17:53:49,999 [INFO] src.circuit: Computing circuit power
2026-08-13 17:53:49,999 [INFO] src.sta: Running static timing analysis
2026-08-13 17:53:50,001 [INFO] src.sta: Timing FAILED: WNS=-0.0251675 ns, TNS=-0.14179 ns
2026-08-13 17:53:50,001 [INFO] src.circuit: Preparing circuit c14_layered_reconvergent_fabric (104 gates, 120 nets)
2026-08-13 17:53:50,001 [INFO] src.circuit: Building the gate topological order
2026-08-13 17:53:50,002 [INFO] src.circuit: Computing gate fanout capacitances
2026-08-13 17:53:50,002 [INFO] src.circuit: Computing gate rise/fall delays
2026-08-13 17:53:50,002 [INFO] src.circuit: Computing circuit power
2026-08-13 17:53:50,002 [INFO] src.sta: Running static timing analysis
2026-08-13 17:53:50,024 [INFO] src.sta: Timing FAILED: WNS=-0.027174 ns, TNS=-0.123252 ns
2026-08-13 17:53:50,025 [INFO] src.circuit: Preparing circuit c14_layered_reconvergent_fabric (104 gates, 120 nets)
2026-08-13 17:53:50,025 [INFO] src.circuit: Building the gate topological order
2026-08-13 17:53:50,025 [INFO] src.circuit: Computing gate fanout capacitances
2026-08-13 17:53:50,025 [INFO] src.circuit: Computing gate rise/fall delays
2026-08-13 17:53:50,025 [INFO] src.circuit: Computing circuit power
2026-08-13 17:53:50,025 [INFO] src.sta: Running static timing analysis
2026-08-13 17:53:50,027 [INFO] src.sta: Timing FAILED: WNS=-0.021325 ns, TNS=-0.114295 ns
2026-08-13 17:53:50,027 [INFO] src.circuit: Preparing circuit c14_layered_reconvergent_fabric (104 gates, 120 nets)
2026-08-13 17:53:50,027 [INFO] src.circuit: Building the gate topological order
2026-08-13 17:53:50,028 [INFO] src.circuit: Computing gate fanout capacitances
2026-08-13 17:53:50,028 [INFO] src.circuit: Computing gate rise/fall delays
2026-08-13 17:53:50,028 [INFO] src.circuit: Computing circuit power
2026-08-13 17:53:50,028 [INFO] src.sta: Running static timing analysis
2026-08-13 17:53:50,030 [INFO] src.sta: Timing FAILED: WNS=-0.00799 ns, TNS=-0.028268 ns
2026-08-13 17:53:50,030 [INFO] src.optimizer: Accepted timing repair: WNS -0.013995 -> -0.00799 ns, TNS -0.0703145 -> -0.028268 ns
2026-08-13 17:53:50,030 [INFO] src.optimizer: Optimization attempt 5/100
2026-08-13 17:53:50,031 [INFO] src.circuit: Preparing circuit c14_layered_reconvergent_fabric (104 gates, 120 nets)
2026-08-13 17:53:50,031 [INFO] src.circuit: Building the gate topological order
2026-08-13 17:53:50,031 [INFO] src.circuit: Computing gate fanout capacitances
2026-08-13 17:53:50,032 [INFO] src.circuit: Computing gate rise/fall delays
2026-08-13 17:53:50,032 [INFO] src.circuit: Computing circuit power
2026-08-13 17:53:50,032 [INFO] src.sta: Running static timing analysis
2026-08-13 17:53:50,034 [INFO] src.sta: Timing FAILED: WNS=-0.0063245 ns, TNS=-0.014288 ns
2026-08-13 17:53:50,034 [INFO] src.circuit: Preparing circuit c14_layered_reconvergent_fabric (104 gates, 120 nets)
2026-08-13 17:53:50,034 [INFO] src.circuit: Building the gate topological order
2026-08-13 17:53:50,035 [INFO] src.circuit: Computing gate fanout capacitances
2026-08-13 17:53:50,035 [INFO] src.circuit: Computing gate rise/fall delays
2026-08-13 17:53:50,035 [INFO] src.circuit: Computing circuit power
2026-08-13 17:53:50,035 [INFO] src.sta: Running static timing analysis
2026-08-13 17:53:50,037 [INFO] src.sta: Timing FAILED: WNS=-0.02999 ns, TNS=-0.055268 ns
2026-08-13 17:53:50,037 [INFO] src.circuit: Preparing circuit c14_layered_reconvergent_fabric (104 gates, 120 nets)
2026-08-13 17:53:50,037 [INFO] src.circuit: Building the gate topological order
2026-08-13 17:53:50,037 [INFO] src.circuit: Computing gate fanout capacitances
2026-08-13 17:53:50,037 [INFO] src.circuit: Computing gate rise/fall delays
2026-08-13 17:53:50,038 [INFO] src.circuit: Computing circuit power
2026-08-13 17:53:50,038 [INFO] src.sta: Running static timing analysis
2026-08-13 17:53:50,039 [INFO] src.sta: Timing FAILED: WNS=-0.045313 ns, TNS=-0.155578 ns
2026-08-13 17:53:50,040 [INFO] src.circuit: Preparing circuit c14_layered_reconvergent_fabric (104 gates, 120 nets)
2026-08-13 17:53:50,040 [INFO] src.circuit: Building the gate topological order
2026-08-13 17:53:50,040 [INFO] src.circuit: Computing gate fanout capacitances
2026-08-13 17:53:50,040 [INFO] src.circuit: Computing gate rise/fall delays
2026-08-13 17:53:50,040 [INFO] src.circuit: Computing circuit power
2026-08-13 17:53:50,040 [INFO] src.sta: Running static timing analysis
2026-08-13 17:53:50,042 [INFO] src.sta: Timing FAILED: WNS=-0.0298223 ns, TNS=-0.301539 ns
2026-08-13 17:53:50,042 [INFO] src.circuit: Preparing circuit c14_layered_reconvergent_fabric (104 gates, 120 nets)
2026-08-13 17:53:50,042 [INFO] src.circuit: Building the gate topological order
2026-08-13 17:53:50,043 [INFO] src.circuit: Computing gate fanout capacitances
2026-08-13 17:53:50,043 [INFO] src.circuit: Computing gate rise/fall delays
2026-08-13 17:53:50,043 [INFO] src.circuit: Computing circuit power
2026-08-13 17:53:50,043 [INFO] src.sta: Running static timing analysis
2026-08-13 17:53:50,045 [INFO] src.sta: Timing FAILED: WNS=-0.0063245 ns, TNS=-0.011649 ns
2026-08-13 17:53:50,045 [INFO] src.circuit: Preparing circuit c14_layered_reconvergent_fabric (104 gates, 120 nets)
2026-08-13 17:53:50,045 [INFO] src.circuit: Building the gate topological order
2026-08-13 17:53:50,045 [INFO] src.circuit: Computing gate fanout capacitances
2026-08-13 17:53:50,046 [INFO] src.circuit: Computing gate rise/fall delays
2026-08-13 17:53:50,046 [INFO] src.circuit: Computing circuit power
2026-08-13 17:53:50,046 [INFO] src.sta: Running static timing analysis
2026-08-13 17:53:50,048 [INFO] src.sta: Timing FAILED: WNS=-0.00799 ns, TNS=-0.016619 ns
2026-08-13 17:53:50,048 [INFO] src.circuit: Preparing circuit c14_layered_reconvergent_fabric (104 gates, 120 nets)
2026-08-13 17:53:50,048 [INFO] src.circuit: Building the gate topological order
2026-08-13 17:53:50,048 [INFO] src.circuit: Computing gate fanout capacitances
2026-08-13 17:53:50,048 [INFO] src.circuit: Computing gate rise/fall delays
2026-08-13 17:53:50,048 [INFO] src.circuit: Computing circuit power
2026-08-13 17:53:50,048 [INFO] src.sta: Running static timing analysis
2026-08-13 17:53:50,050 [INFO] src.sta: Timing FAILED: WNS=-0.00799 ns, TNS=-0.016619 ns
2026-08-13 17:53:50,051 [INFO] src.optimizer: Accepted timing repair: WNS -0.00799 -> -0.0063245 ns, TNS -0.028268 -> -0.011649 ns
2026-08-13 17:53:50,051 [INFO] src.optimizer: Optimization attempt 6/100
2026-08-13 17:53:50,052 [INFO] src.circuit: Preparing circuit c14_layered_reconvergent_fabric (104 gates, 120 nets)
2026-08-13 17:53:50,052 [INFO] src.circuit: Building the gate topological order
2026-08-13 17:53:50,052 [INFO] src.circuit: Computing gate fanout capacitances
2026-08-13 17:53:50,052 [INFO] src.circuit: Computing gate rise/fall delays
2026-08-13 17:53:50,053 [INFO] src.circuit: Computing circuit power
2026-08-13 17:53:50,053 [INFO] src.sta: Running static timing analysis
2026-08-13 17:53:50,054 [INFO] src.sta: Timing PASSED: WNS=0.00050675 ns, TNS=0 ns
2026-08-13 17:53:50,055 [INFO] src.circuit: Preparing circuit c14_layered_reconvergent_fabric (104 gates, 120 nets)
2026-08-13 17:53:50,055 [INFO] src.circuit: Building the gate topological order
2026-08-13 17:53:50,055 [INFO] src.circuit: Computing gate fanout capacitances
2026-08-13 17:53:50,055 [INFO] src.circuit: Computing gate rise/fall delays
2026-08-13 17:53:50,055 [INFO] src.circuit: Computing circuit power
2026-08-13 17:53:50,055 [INFO] src.sta: Running static timing analysis
2026-08-13 17:53:50,057 [INFO] src.sta: Timing PASSED: WNS=0.00050675 ns, TNS=0 ns
2026-08-13 17:53:50,057 [INFO] src.circuit: Preparing circuit c14_layered_reconvergent_fabric (104 gates, 120 nets)
2026-08-13 17:53:50,057 [INFO] src.circuit: Building the gate topological order
2026-08-13 17:53:50,058 [INFO] src.circuit: Computing gate fanout capacitances
2026-08-13 17:53:50,058 [INFO] src.circuit: Computing gate rise/fall delays
2026-08-13 17:53:50,058 [INFO] src.circuit: Computing circuit power
2026-08-13 17:53:50,058 [INFO] src.sta: Running static timing analysis
2026-08-13 17:53:50,060 [INFO] src.sta: Timing FAILED: WNS=-0.0068245 ns, TNS=-0.012649 ns
2026-08-13 17:53:50,060 [INFO] src.circuit: Preparing circuit c14_layered_reconvergent_fabric (104 gates, 120 nets)
2026-08-13 17:53:50,060 [INFO] src.circuit: Building the gate topological order
2026-08-13 17:53:50,061 [INFO] src.circuit: Computing gate fanout capacitances
2026-08-13 17:53:50,061 [INFO] src.circuit: Computing gate rise/fall delays
2026-08-13 17:53:50,061 [INFO] src.circuit: Computing circuit power
2026-08-13 17:53:50,061 [INFO] src.sta: Running static timing analysis
2026-08-13 17:53:50,063 [INFO] src.sta: Timing FAILED: WNS=-0.0229825 ns, TNS=-0.044965 ns
2026-08-13 17:53:50,063 [INFO] src.circuit: Preparing circuit c14_layered_reconvergent_fabric (104 gates, 120 nets)
2026-08-13 17:53:50,063 [INFO] src.circuit: Building the gate topological order
2026-08-13 17:53:50,063 [INFO] src.circuit: Computing gate fanout capacitances
2026-08-13 17:53:50,063 [INFO] src.circuit: Computing gate rise/fall delays
2026-08-13 17:53:50,063 [INFO] src.circuit: Computing circuit power
2026-08-13 17:53:50,064 [INFO] src.sta: Running static timing analysis
2026-08-13 17:53:50,065 [INFO] src.sta: Timing FAILED: WNS=-0.0178245 ns, TNS=-0.034649 ns
2026-08-13 17:53:50,066 [INFO] src.circuit: Preparing circuit c14_layered_reconvergent_fabric (104 gates, 120 nets)
2026-08-13 17:53:50,066 [INFO] src.circuit: Building the gate topological order
2026-08-13 17:53:50,066 [INFO] src.circuit: Computing gate fanout capacitances
2026-08-13 17:53:50,066 [INFO] src.circuit: Computing gate rise/fall delays
2026-08-13 17:53:50,066 [INFO] src.circuit: Computing circuit power
2026-08-13 17:53:50,066 [INFO] src.sta: Running static timing analysis
2026-08-13 17:53:50,068 [INFO] src.sta: Timing FAILED: WNS=-0.0156595 ns, TNS=-0.030319 ns
2026-08-13 17:53:50,069 [INFO] src.optimizer: Accepted timing repair: WNS -0.0063245 -> 0.00050675 ns, TNS -0.011649 -> 0 ns
2026-08-13 17:53:50,069 [INFO] src.optimizer: Optimization attempt 7/100
2026-08-13 17:53:50,070 [INFO] src.circuit: Preparing circuit c14_layered_reconvergent_fabric (104 gates, 120 nets)
2026-08-13 17:53:50,070 [INFO] src.circuit: Building the gate topological order
2026-08-13 17:53:50,070 [INFO] src.circuit: Computing gate fanout capacitances
2026-08-13 17:53:50,070 [INFO] src.circuit: Computing gate rise/fall delays
2026-08-13 17:53:50,071 [INFO] src.circuit: Computing circuit power
2026-08-13 17:53:50,071 [INFO] src.sta: Running static timing analysis
2026-08-13 17:53:50,072 [INFO] src.sta: Timing PASSED: WNS=0.00300175 ns, TNS=0 ns
2026-08-13 17:53:50,073 [INFO] src.circuit: Preparing circuit c14_layered_reconvergent_fabric (104 gates, 120 nets)
2026-08-13 17:53:50,073 [INFO] src.circuit: Building the gate topological order
2026-08-13 17:53:50,073 [INFO] src.circuit: Computing gate fanout capacitances
2026-08-13 17:53:50,073 [INFO] src.circuit: Computing gate rise/fall delays
2026-08-13 17:53:50,073 [INFO] src.circuit: Computing circuit power
2026-08-13 17:53:50,073 [INFO] src.sta: Running static timing analysis
2026-08-13 17:53:50,075 [INFO] src.sta: Timing PASSED: WNS=0.00300175 ns, TNS=0 ns
2026-08-13 17:53:50,075 [INFO] src.circuit: Preparing circuit c14_layered_reconvergent_fabric (104 gates, 120 nets)
2026-08-13 17:53:50,075 [INFO] src.circuit: Building the gate topological order
2026-08-13 17:53:50,076 [INFO] src.circuit: Computing gate fanout capacitances
2026-08-13 17:53:50,076 [INFO] src.circuit: Computing gate rise/fall delays
2026-08-13 17:53:50,076 [INFO] src.circuit: Computing circuit power
2026-08-13 17:53:50,076 [INFO] src.sta: Running static timing analysis
2026-08-13 17:53:50,078 [INFO] src.sta: Timing FAILED: WNS=-0.0109983 ns, TNS=-0.050146 ns
2026-08-13 17:53:50,078 [INFO] src.circuit: Preparing circuit c14_layered_reconvergent_fabric (104 gates, 120 nets)
2026-08-13 17:53:50,078 [INFO] src.circuit: Building the gate topological order
2026-08-13 17:53:50,078 [INFO] src.circuit: Computing gate fanout capacitances
2026-08-13 17:53:50,078 [INFO] src.circuit: Computing gate rise/fall delays
2026-08-13 17:53:50,079 [INFO] src.circuit: Computing circuit power
2026-08-13 17:53:50,079 [INFO] src.sta: Running static timing analysis
2026-08-13 17:53:50,081 [INFO] src.sta: Timing FAILED: WNS=-0.013995 ns, TNS=-0.0586655 ns
2026-08-13 17:53:50,081 [INFO] src.circuit: Preparing circuit c14_layered_reconvergent_fabric (104 gates, 120 nets)
2026-08-13 17:53:50,081 [INFO] src.circuit: Building the gate topological order
2026-08-13 17:53:50,082 [INFO] src.circuit: Computing gate fanout capacitances
2026-08-13 17:53:50,082 [INFO] src.circuit: Computing gate rise/fall delays
2026-08-13 17:53:50,082 [INFO] src.circuit: Computing circuit power
2026-08-13 17:53:50,082 [INFO] src.sta: Running static timing analysis
2026-08-13 17:53:50,084 [INFO] src.sta: Timing FAILED: WNS=-0.0039205 ns, TNS=-0.005841 ns
2026-08-13 17:53:50,084 [INFO] src.circuit: Preparing circuit c14_layered_reconvergent_fabric (104 gates, 120 nets)
2026-08-13 17:53:50,085 [INFO] src.circuit: Building the gate topological order
2026-08-13 17:53:50,085 [INFO] src.circuit: Computing gate fanout capacitances
2026-08-13 17:53:50,085 [INFO] src.circuit: Computing gate rise/fall delays
2026-08-13 17:53:50,085 [INFO] src.circuit: Computing circuit power
2026-08-13 17:53:50,085 [INFO] src.sta: Running static timing analysis
2026-08-13 17:53:50,088 [INFO] src.sta: Timing FAILED: WNS=-0.0168233 ns, TNS=-0.107906 ns
2026-08-13 17:53:50,088 [INFO] src.optimizer: Accepted timing-safe cost reduction: cost 1.40975 -> 1.33581
2026-08-13 17:53:50,088 [INFO] src.optimizer: Optimization attempt 8/100
2026-08-13 17:53:50,089 [INFO] src.circuit: Preparing circuit c14_layered_reconvergent_fabric (104 gates, 120 nets)
2026-08-13 17:53:50,089 [INFO] src.circuit: Building the gate topological order
2026-08-13 17:53:50,089 [INFO] src.circuit: Computing gate fanout capacitances
2026-08-13 17:53:50,090 [INFO] src.circuit: Computing gate rise/fall delays
2026-08-13 17:53:50,090 [INFO] src.circuit: Computing circuit power
2026-08-13 17:53:50,090 [INFO] src.sta: Running static timing analysis
2026-08-13 17:53:50,092 [INFO] src.sta: Timing PASSED: WNS=0.003997 ns, TNS=0 ns
2026-08-13 17:53:50,092 [INFO] src.circuit: Preparing circuit c14_layered_reconvergent_fabric (104 gates, 120 nets)
2026-08-13 17:53:50,092 [INFO] src.circuit: Building the gate topological order
2026-08-13 17:53:50,092 [INFO] src.circuit: Computing gate fanout capacitances
2026-08-13 17:53:50,093 [INFO] src.circuit: Computing gate rise/fall delays
2026-08-13 17:53:50,093 [INFO] src.circuit: Computing circuit power
2026-08-13 17:53:50,093 [INFO] src.sta: Running static timing analysis
2026-08-13 17:53:50,095 [INFO] src.sta: Timing PASSED: WNS=0.003997 ns, TNS=0 ns
2026-08-13 17:53:50,095 [INFO] src.circuit: Preparing circuit c14_layered_reconvergent_fabric (104 gates, 120 nets)
2026-08-13 17:53:50,095 [INFO] src.circuit: Building the gate topological order
2026-08-13 17:53:50,096 [INFO] src.circuit: Computing gate fanout capacitances
2026-08-13 17:53:50,096 [INFO] src.circuit: Computing gate rise/fall delays
2026-08-13 17:53:50,096 [INFO] src.circuit: Computing circuit power
2026-08-13 17:53:50,096 [INFO] src.sta: Running static timing analysis
2026-08-13 17:53:50,099 [INFO] src.sta: Timing PASSED: WNS=0.000586 ns, TNS=0 ns
2026-08-13 17:53:50,099 [INFO] src.circuit: Preparing circuit c14_layered_reconvergent_fabric (104 gates, 120 nets)
2026-08-13 17:53:50,099 [INFO] src.circuit: Building the gate topological order
2026-08-13 17:53:50,100 [INFO] src.circuit: Computing gate fanout capacitances
2026-08-13 17:53:50,100 [INFO] src.circuit: Computing gate rise/fall delays
2026-08-13 17:53:50,100 [INFO] src.circuit: Computing circuit power
2026-08-13 17:53:50,100 [INFO] src.sta: Running static timing analysis
2026-08-13 17:53:50,103 [INFO] src.sta: Timing FAILED: WNS=-0.0096705 ns, TNS=-0.0323415 ns
2026-08-13 17:53:50,103 [INFO] src.circuit: Preparing circuit c14_layered_reconvergent_fabric (104 gates, 120 nets)
2026-08-13 17:53:50,103 [INFO] src.circuit: Building the gate topological order
2026-08-13 17:53:50,103 [INFO] src.circuit: Computing gate fanout capacitances
2026-08-13 17:53:50,104 [INFO] src.circuit: Computing gate rise/fall delays
2026-08-13 17:53:50,104 [INFO] src.circuit: Computing circuit power
2026-08-13 17:53:50,104 [INFO] src.sta: Running static timing analysis
2026-08-13 17:53:50,106 [INFO] src.sta: Timing FAILED: WNS=-0.0039205 ns, TNS=-0.005841 ns
2026-08-13 17:53:50,106 [INFO] src.circuit: Preparing circuit c14_layered_reconvergent_fabric (104 gates, 120 nets)
2026-08-13 17:53:50,106 [INFO] src.circuit: Building the gate topological order
2026-08-13 17:53:50,107 [INFO] src.circuit: Computing gate fanout capacitances
2026-08-13 17:53:50,107 [INFO] src.circuit: Computing gate rise/fall delays
2026-08-13 17:53:50,107 [INFO] src.circuit: Computing circuit power
2026-08-13 17:53:50,107 [INFO] src.sta: Running static timing analysis
2026-08-13 17:53:50,110 [INFO] src.sta: Timing FAILED: WNS=-0.0213395 ns, TNS=-0.026184 ns
2026-08-13 17:53:50,110 [INFO] src.optimizer: Optimization stopped: timing is met and the best cost improvement 0 is below 1e-06
2026-08-13 17:53:50,111 [INFO] src.experiments: slack_weighted_capacitance optimization completed in 0.178466 s
2026-08-13 17:53:50,111 [INFO] src.experiments: Running random_greedy optimization
2026-08-13 17:53:50,111 [INFO] src.sta: Running static timing analysis
2026-08-13 17:53:50,113 [INFO] src.sta: Timing FAILED: WNS=-0.021325 ns, TNS=-0.159635 ns
2026-08-13 17:53:50,113 [INFO] src.optimizer: Starting circuit optimization with initial cost 1.50778
2026-08-13 17:53:50,113 [INFO] src.optimizer: Optimization attempt 1/100
2026-08-13 17:53:50,113 [INFO] src.circuit: Preparing circuit c14_layered_reconvergent_fabric (104 gates, 120 nets)
2026-08-13 17:53:50,113 [INFO] src.circuit: Building the gate topological order
2026-08-13 17:53:50,114 [INFO] src.circuit: Computing gate fanout capacitances
2026-08-13 17:53:50,114 [INFO] src.circuit: Computing gate rise/fall delays
2026-08-13 17:53:50,114 [INFO] src.circuit: Computing circuit power
2026-08-13 17:53:50,114 [INFO] src.sta: Running static timing analysis
2026-08-13 17:53:50,116 [INFO] src.sta: Timing FAILED: WNS=-0.0324975 ns, TNS=-0.202471 ns
2026-08-13 17:53:50,116 [INFO] src.optimizer: Optimization attempt 2/100
2026-08-13 17:53:50,117 [INFO] src.circuit: Preparing circuit c14_layered_reconvergent_fabric (104 gates, 120 nets)
2026-08-13 17:53:50,117 [INFO] src.circuit: Building the gate topological order
2026-08-13 17:53:50,117 [INFO] src.circuit: Computing gate fanout capacitances
2026-08-13 17:53:50,117 [INFO] src.circuit: Computing gate rise/fall delays
2026-08-13 17:53:50,117 [INFO] src.circuit: Computing circuit power
2026-08-13 17:53:50,117 [INFO] src.sta: Running static timing analysis
2026-08-13 17:53:50,120 [INFO] src.sta: Timing FAILED: WNS=-0.042321 ns, TNS=-0.167643 ns
2026-08-13 17:53:50,120 [INFO] src.optimizer: Optimization attempt 3/100
2026-08-13 17:53:50,120 [INFO] src.circuit: Preparing circuit c14_layered_reconvergent_fabric (104 gates, 120 nets)
2026-08-13 17:53:50,121 [INFO] src.circuit: Building the gate topological order
2026-08-13 17:53:50,121 [INFO] src.circuit: Computing gate fanout capacitances
2026-08-13 17:53:50,121 [INFO] src.circuit: Computing gate rise/fall delays
2026-08-13 17:53:50,121 [INFO] src.circuit: Computing circuit power
2026-08-13 17:53:50,121 [INFO] src.sta: Running static timing analysis
2026-08-13 17:53:50,124 [INFO] src.sta: Timing FAILED: WNS=-0.0178245 ns, TNS=-0.115655 ns
2026-08-13 17:53:50,124 [INFO] src.optimizer: Accepted timing repair: WNS -0.021325 -> -0.0178245 ns, TNS -0.159635 -> -0.115655 ns
2026-08-13 17:53:50,124 [INFO] src.optimizer: Optimization attempt 4/100
2026-08-13 17:53:50,124 [INFO] src.circuit: Preparing circuit c14_layered_reconvergent_fabric (104 gates, 120 nets)
2026-08-13 17:53:50,124 [INFO] src.circuit: Building the gate topological order
2026-08-13 17:53:50,125 [INFO] src.circuit: Computing gate fanout capacitances
2026-08-13 17:53:50,125 [INFO] src.circuit: Computing gate rise/fall delays
2026-08-13 17:53:50,125 [INFO] src.circuit: Computing circuit power
2026-08-13 17:53:50,125 [INFO] src.sta: Running static timing analysis
2026-08-13 17:53:50,128 [INFO] src.sta: Timing FAILED: WNS=-0.013995 ns, TNS=-0.0810055 ns
2026-08-13 17:53:50,128 [INFO] src.optimizer: Accepted timing repair: WNS -0.0178245 -> -0.013995 ns, TNS -0.115655 -> -0.0810055 ns
2026-08-13 17:53:50,128 [INFO] src.optimizer: Optimization attempt 5/100
2026-08-13 17:53:50,128 [INFO] src.circuit: Preparing circuit c14_layered_reconvergent_fabric (104 gates, 120 nets)
2026-08-13 17:53:50,128 [INFO] src.circuit: Building the gate topological order
2026-08-13 17:53:50,129 [INFO] src.circuit: Computing gate fanout capacitances
2026-08-13 17:53:50,129 [INFO] src.circuit: Computing gate rise/fall delays
2026-08-13 17:53:50,129 [INFO] src.circuit: Computing circuit power
2026-08-13 17:53:50,129 [INFO] src.sta: Running static timing analysis
2026-08-13 17:53:50,131 [INFO] src.sta: Timing FAILED: WNS=-0.020003 ns, TNS=-0.0950055 ns
2026-08-13 17:53:50,131 [INFO] src.optimizer: Optimization attempt 6/100
2026-08-13 17:53:50,131 [INFO] src.circuit: Preparing circuit c14_layered_reconvergent_fabric (104 gates, 120 nets)
2026-08-13 17:53:50,132 [INFO] src.circuit: Building the gate topological order
2026-08-13 17:53:50,132 [INFO] src.circuit: Computing gate fanout capacitances
2026-08-13 17:53:50,132 [INFO] src.circuit: Computing gate rise/fall delays
2026-08-13 17:53:50,132 [INFO] src.circuit: Computing circuit power
2026-08-13 17:53:50,132 [INFO] src.sta: Running static timing analysis
2026-08-13 17:53:50,134 [INFO] src.sta: Timing FAILED: WNS=-0.0177565 ns, TNS=-0.0905125 ns
2026-08-13 17:53:50,134 [INFO] src.optimizer: Optimization attempt 7/100
2026-08-13 17:53:50,134 [INFO] src.circuit: Preparing circuit c14_layered_reconvergent_fabric (104 gates, 120 nets)
2026-08-13 17:53:50,135 [INFO] src.circuit: Building the gate topological order
2026-08-13 17:53:50,135 [INFO] src.circuit: Computing gate fanout capacitances
2026-08-13 17:53:50,135 [INFO] src.circuit: Computing gate rise/fall delays
2026-08-13 17:53:50,135 [INFO] src.circuit: Computing circuit power
2026-08-13 17:53:50,135 [INFO] src.sta: Running static timing analysis
2026-08-13 17:53:50,137 [INFO] src.sta: Timing FAILED: WNS=-0.018253 ns, TNS=-0.0915055 ns
2026-08-13 17:53:50,137 [INFO] src.optimizer: Optimization attempt 8/100
2026-08-13 17:53:50,137 [INFO] src.circuit: Preparing circuit c14_layered_reconvergent_fabric (104 gates, 120 nets)
2026-08-13 17:53:50,137 [INFO] src.circuit: Building the gate topological order
2026-08-13 17:53:50,138 [INFO] src.circuit: Computing gate fanout capacitances
2026-08-13 17:53:50,138 [INFO] src.circuit: Computing gate rise/fall delays
2026-08-13 17:53:50,138 [INFO] src.circuit: Computing circuit power
2026-08-13 17:53:50,138 [INFO] src.sta: Running static timing analysis
2026-08-13 17:53:50,140 [INFO] src.sta: Timing FAILED: WNS=-0.013003 ns, TNS=-0.0546815 ns
2026-08-13 17:53:50,140 [INFO] src.optimizer: Accepted timing repair: WNS -0.013995 -> -0.013003 ns, TNS -0.0810055 -> -0.0546815 ns
2026-08-13 17:53:50,140 [INFO] src.optimizer: Optimization attempt 9/100
2026-08-13 17:53:50,141 [INFO] src.circuit: Preparing circuit c14_layered_reconvergent_fabric (104 gates, 120 nets)
2026-08-13 17:53:50,141 [INFO] src.circuit: Building the gate topological order
2026-08-13 17:53:50,141 [INFO] src.circuit: Computing gate fanout capacitances
2026-08-13 17:53:50,141 [INFO] src.circuit: Computing gate rise/fall delays
2026-08-13 17:53:50,141 [INFO] src.circuit: Computing circuit power
2026-08-13 17:53:50,141 [INFO] src.sta: Running static timing analysis
2026-08-13 17:53:50,143 [INFO] src.sta: Timing FAILED: WNS=-0.013003 ns, TNS=-0.03632 ns
2026-08-13 17:53:50,143 [INFO] src.optimizer: Accepted timing repair: WNS -0.013003 -> -0.013003 ns, TNS -0.0546815 -> -0.03632 ns
2026-08-13 17:53:50,143 [INFO] src.optimizer: Optimization attempt 10/100
2026-08-13 17:53:50,144 [INFO] src.circuit: Preparing circuit c14_layered_reconvergent_fabric (104 gates, 120 nets)
2026-08-13 17:53:50,144 [INFO] src.circuit: Building the gate topological order
2026-08-13 17:53:50,144 [INFO] src.circuit: Computing gate fanout capacitances
2026-08-13 17:53:50,144 [INFO] src.circuit: Computing gate rise/fall delays
2026-08-13 17:53:50,144 [INFO] src.circuit: Computing circuit power
2026-08-13 17:53:50,144 [INFO] src.sta: Running static timing analysis
2026-08-13 17:53:50,146 [INFO] src.sta: Timing FAILED: WNS=-0.0177565 ns, TNS=-0.045827 ns
2026-08-13 17:53:50,146 [INFO] src.optimizer: Optimization attempt 11/100
2026-08-13 17:53:50,146 [INFO] src.circuit: Preparing circuit c14_layered_reconvergent_fabric (104 gates, 120 nets)
2026-08-13 17:53:50,146 [INFO] src.circuit: Building the gate topological order
2026-08-13 17:53:50,147 [INFO] src.circuit: Computing gate fanout capacitances
2026-08-13 17:53:50,147 [INFO] src.circuit: Computing gate rise/fall delays
2026-08-13 17:53:50,147 [INFO] src.circuit: Computing circuit power
2026-08-13 17:53:50,147 [INFO] src.sta: Running static timing analysis
2026-08-13 17:53:50,149 [INFO] src.sta: Timing FAILED: WNS=-0.00799 ns, TNS=-0.01398 ns
2026-08-13 17:53:50,149 [INFO] src.optimizer: Accepted timing repair: WNS -0.013003 -> -0.00799 ns, TNS -0.03632 -> -0.01398 ns
2026-08-13 17:53:50,149 [INFO] src.optimizer: Optimization attempt 12/100
2026-08-13 17:53:50,149 [INFO] src.circuit: Preparing circuit c14_layered_reconvergent_fabric (104 gates, 120 nets)
2026-08-13 17:53:50,149 [INFO] src.circuit: Building the gate topological order
2026-08-13 17:53:50,150 [INFO] src.circuit: Computing gate fanout capacitances
2026-08-13 17:53:50,150 [INFO] src.circuit: Computing gate rise/fall delays
2026-08-13 17:53:50,150 [INFO] src.circuit: Computing circuit power
2026-08-13 17:53:50,150 [INFO] src.sta: Running static timing analysis
2026-08-13 17:53:50,152 [INFO] src.sta: Timing PASSED: WNS=0.00300175 ns, TNS=0 ns
2026-08-13 17:53:50,152 [INFO] src.optimizer: Accepted timing repair: WNS -0.00799 -> 0.00300175 ns, TNS -0.01398 -> 0 ns
2026-08-13 17:53:50,152 [INFO] src.optimizer: Optimization attempt 13/100
2026-08-13 17:53:50,153 [INFO] src.circuit: Preparing circuit c14_layered_reconvergent_fabric (104 gates, 120 nets)
2026-08-13 17:53:50,153 [INFO] src.circuit: Building the gate topological order
2026-08-13 17:53:50,153 [INFO] src.circuit: Computing gate fanout capacitances
2026-08-13 17:53:50,153 [INFO] src.circuit: Computing gate rise/fall delays
2026-08-13 17:53:50,153 [INFO] src.circuit: Computing circuit power
2026-08-13 17:53:50,153 [INFO] src.sta: Running static timing analysis
2026-08-13 17:53:50,155 [INFO] src.sta: Timing FAILED: WNS=-0.0039205 ns, TNS=-0.005841 ns
2026-08-13 17:53:50,155 [INFO] src.optimizer: Optimization attempt 14/100
2026-08-13 17:53:50,155 [INFO] src.circuit: Preparing circuit c14_layered_reconvergent_fabric (104 gates, 120 nets)
2026-08-13 17:53:50,156 [INFO] src.circuit: Building the gate topological order
2026-08-13 17:53:50,156 [INFO] src.circuit: Computing gate fanout capacitances
2026-08-13 17:53:50,156 [INFO] src.circuit: Computing gate rise/fall delays
2026-08-13 17:53:50,156 [INFO] src.circuit: Computing circuit power
2026-08-13 17:53:50,156 [INFO] src.sta: Running static timing analysis
2026-08-13 17:53:50,158 [INFO] src.sta: Timing PASSED: WNS=0.000586 ns, TNS=0 ns
2026-08-13 17:53:50,158 [INFO] src.optimizer: Optimization attempt 15/100
2026-08-13 17:53:50,158 [INFO] src.circuit: Preparing circuit c14_layered_reconvergent_fabric (104 gates, 120 nets)
2026-08-13 17:53:50,158 [INFO] src.circuit: Building the gate topological order
2026-08-13 17:53:50,159 [INFO] src.circuit: Computing gate fanout capacitances
2026-08-13 17:53:50,159 [INFO] src.circuit: Computing gate rise/fall delays
2026-08-13 17:53:50,159 [INFO] src.circuit: Computing circuit power
2026-08-13 17:53:50,159 [INFO] src.sta: Running static timing analysis
2026-08-13 17:53:50,161 [INFO] src.sta: Timing FAILED: WNS=-0.012003 ns, TNS=-0.069951 ns
2026-08-13 17:53:50,161 [INFO] src.optimizer: Optimization attempt 16/100
2026-08-13 17:53:50,161 [INFO] src.circuit: Preparing circuit c14_layered_reconvergent_fabric (104 gates, 120 nets)
2026-08-13 17:53:50,161 [INFO] src.circuit: Building the gate topological order
2026-08-13 17:53:50,161 [INFO] src.circuit: Computing gate fanout capacitances
2026-08-13 17:53:50,162 [INFO] src.circuit: Computing gate rise/fall delays
2026-08-13 17:53:50,162 [INFO] src.circuit: Computing circuit power
2026-08-13 17:53:50,162 [INFO] src.sta: Running static timing analysis
2026-08-13 17:53:50,164 [INFO] src.sta: Timing FAILED: WNS=-0.0386625 ns, TNS=-0.271288 ns
2026-08-13 17:53:50,164 [INFO] src.optimizer: Optimization attempt 17/100
2026-08-13 17:53:50,164 [INFO] src.circuit: Preparing circuit c14_layered_reconvergent_fabric (104 gates, 120 nets)
2026-08-13 17:53:50,165 [INFO] src.circuit: Building the gate topological order
2026-08-13 17:53:50,183 [INFO] src.circuit: Computing gate fanout capacitances
2026-08-13 17:53:50,183 [INFO] src.circuit: Computing gate rise/fall delays
2026-08-13 17:53:50,183 [INFO] src.circuit: Computing circuit power
2026-08-13 17:53:50,183 [INFO] src.sta: Running static timing analysis
2026-08-13 17:53:50,186 [INFO] src.sta: Timing FAILED: WNS=-0.0244805 ns, TNS=-0.114741 ns
2026-08-13 17:53:50,186 [INFO] src.optimizer: Optimization attempt 18/100
2026-08-13 17:53:50,186 [INFO] src.circuit: Preparing circuit c14_layered_reconvergent_fabric (104 gates, 120 nets)
2026-08-13 17:53:50,186 [INFO] src.circuit: Building the gate topological order
2026-08-13 17:53:50,187 [INFO] src.circuit: Computing gate fanout capacitances
2026-08-13 17:53:50,187 [INFO] src.circuit: Computing gate rise/fall delays
2026-08-13 17:53:50,187 [INFO] src.circuit: Computing circuit power
2026-08-13 17:53:50,187 [INFO] src.sta: Running static timing analysis
2026-08-13 17:53:50,189 [INFO] src.sta: Timing FAILED: WNS=-0.0213395 ns, TNS=-0.026184 ns
2026-08-13 17:53:50,189 [INFO] src.optimizer: Optimization attempt 19/100
2026-08-13 17:53:50,189 [INFO] src.circuit: Preparing circuit c14_layered_reconvergent_fabric (104 gates, 120 nets)
2026-08-13 17:53:50,189 [INFO] src.circuit: Building the gate topological order
2026-08-13 17:53:50,190 [INFO] src.circuit: Computing gate fanout capacitances
2026-08-13 17:53:50,190 [INFO] src.circuit: Computing gate rise/fall delays
2026-08-13 17:53:50,190 [INFO] src.circuit: Computing circuit power
2026-08-13 17:53:50,190 [INFO] src.sta: Running static timing analysis
2026-08-13 17:53:50,192 [INFO] src.sta: Timing PASSED: WNS=0.003997 ns, TNS=0 ns
2026-08-13 17:53:50,192 [INFO] src.optimizer: Optimization attempt 20/100
2026-08-13 17:53:50,192 [INFO] src.circuit: Preparing circuit c14_layered_reconvergent_fabric (104 gates, 120 nets)
2026-08-13 17:53:50,192 [INFO] src.circuit: Building the gate topological order
2026-08-13 17:53:50,192 [INFO] src.circuit: Computing gate fanout capacitances
2026-08-13 17:53:50,193 [INFO] src.circuit: Computing gate rise/fall delays
2026-08-13 17:53:50,193 [INFO] src.circuit: Computing circuit power
2026-08-13 17:53:50,193 [INFO] src.sta: Running static timing analysis
2026-08-13 17:53:50,195 [INFO] src.sta: Timing FAILED: WNS=-0.0389923 ns, TNS=-0.253578 ns
2026-08-13 17:53:50,195 [INFO] src.optimizer: Optimization attempt 21/100
2026-08-13 17:53:50,195 [INFO] src.optimizer: Optimization stopped: all one-step critical-path upsizes were exhausted
2026-08-13 17:53:50,195 [INFO] src.experiments: random_greedy optimization completed in 0.084419 s
2026-08-13 17:53:50,196 [INFO] src.experiments: Running experiment: visualization
2026-08-13 17:53:54,651 [INFO] src.experiments: Running experiment: monte_carlo
2026-08-13 17:53:54,652 [INFO] src.experiments: Monte Carlo experiment is disabled by configuration
2026-08-13 17:53:54,652 [INFO] src.experiments: Running experiment: summary
2026-08-13 17:53:54,653 [INFO] src.experiments: Circuit experiments completed; results are in /home/halfblood/common/uni/master/VLSI/project/impl/outputs/c14_layered_reconvergent_fabric
