2026-08-13 17:53:30,437 [INFO] __main__: Configuration validation passed: /home/halfblood/common/uni/master/VLSI/project/impl/Input_Files/circuits/valid/c05_multi_output/config.json
2026-08-13 17:53:30,437 [INFO] __main__: Loading circuit c05_multi_output
2026-08-13 17:53:30,439 [INFO] __main__: Cell-library validation passed: /home/halfblood/common/uni/master/VLSI/project/impl/Input_Files/cell_library.json
2026-08-13 17:53:30,439 [INFO] __main__: Netlist parsing and driver validation passed: /home/halfblood/common/uni/master/VLSI/project/impl/Input_Files/circuits/valid/c05_multi_output/netlist.txt
2026-08-13 17:53:30,439 [INFO] src.circuit: Preparing circuit c05_multi_output (5 gates, 9 nets)
2026-08-13 17:53:30,439 [INFO] src.circuit: Building the gate topological order
2026-08-13 17:53:30,439 [INFO] src.circuit: Computing gate fanout capacitances
2026-08-13 17:53:30,439 [INFO] src.circuit: Computing gate rise/fall delays
2026-08-13 17:53:30,439 [INFO] src.circuit: Computing circuit power
2026-08-13 17:53:30,439 [INFO] __main__: DAG validation passed
2026-08-13 17:53:30,440 [INFO] src.experiments: Running experiment: fanout_capacitances
2026-08-13 17:53:30,440 [INFO] src.experiments: Running experiment: gate_delays
2026-08-13 17:53:30,440 [INFO] src.experiments: Running experiment: timing_analysis
2026-08-13 17:53:30,440 [INFO] src.sta: Running static timing analysis
2026-08-13 17:53:30,440 [INFO] src.sta: Timing FAILED: WNS=-0.0053305 ns, TNS=-0.0078305 ns
2026-08-13 17:53:30,441 [INFO] src.experiments: Running experiment: logical_effort_analysis
2026-08-13 17:53:30,441 [INFO] src.experiments: Running experiment: optimization
2026-08-13 17:53:30,441 [INFO] src.experiments: Running slack_weighted_capacitance optimization
2026-08-13 17:53:30,441 [INFO] src.sta: Running static timing analysis
2026-08-13 17:53:30,442 [INFO] src.sta: Timing FAILED: WNS=-0.0053305 ns, TNS=-0.0078305 ns
2026-08-13 17:53:30,442 [INFO] src.optimizer: Starting circuit optimization with initial cost 1.51828
2026-08-13 17:53:30,442 [INFO] src.optimizer: Optimization attempt 1/100
2026-08-13 17:53:30,442 [INFO] src.optimizer: Optimization stopped: no selected sizing change is available within area and power constraints
2026-08-13 17:53:30,442 [INFO] src.experiments: slack_weighted_capacitance optimization completed in 0.000822 s
2026-08-13 17:53:30,442 [INFO] src.experiments: Running random_greedy optimization
2026-08-13 17:53:30,442 [INFO] src.sta: Running static timing analysis
2026-08-13 17:53:30,443 [INFO] src.sta: Timing FAILED: WNS=-0.0053305 ns, TNS=-0.0078305 ns
2026-08-13 17:53:30,443 [INFO] src.optimizer: Starting circuit optimization with initial cost 1.51828
2026-08-13 17:53:30,443 [INFO] src.optimizer: Optimization attempt 1/100
2026-08-13 17:53:30,443 [INFO] src.optimizer: Optimization stopped: all one-step critical-path upsizes were exhausted
2026-08-13 17:53:30,443 [INFO] src.experiments: random_greedy optimization completed in 0.000410 s
2026-08-13 17:53:30,443 [INFO] src.experiments: Running experiment: visualization
2026-08-13 17:53:31,536 [INFO] src.experiments: Running experiment: monte_carlo
2026-08-13 17:53:31,536 [INFO] src.experiments: Monte Carlo experiment is disabled by configuration
2026-08-13 17:53:31,537 [INFO] src.experiments: Running experiment: summary
2026-08-13 17:53:31,538 [INFO] src.experiments: Circuit experiments completed; results are in /home/halfblood/common/uni/master/VLSI/project/impl/outputs/c05_multi_output
